Archive member included to satisfy reference by file (symbol)

C:/devkitPro/libctru/lib\libcitro2d.a(base.o)
                              main.o (C2D_Init)
C:/devkitPro/libctru/lib\libcitro2d.a(spritesheet.o)
                              main.o (C2D_SpriteSheetLoad)
C:/devkitPro/libctru/lib\libcitro2d.a(render2d.shbin.o)
                              C:/devkitPro/libctru/lib\libcitro2d.a(base.o) (render2d_shbin)
C:/devkitPro/libctru/lib\libcitro3d.a(base.o)
                              main.o (C3D_Init)
C:/devkitPro/libctru/lib\libcitro3d.a(renderqueue.o)
                              C:/devkitPro/libctru/lib\libcitro3d.a(base.o) (C3Di_RenderQueueEnableVBlank)
C:/devkitPro/libctru/lib\libcitro3d.a(texture.o)
                              C:/devkitPro/libctru/lib\libcitro2d.a(base.o) (C3D_TexBind)
C:/devkitPro/libctru/lib\libcitro3d.a(tex3ds.o)
                              C:/devkitPro/libctru/lib\libcitro2d.a(spritesheet.o) (Tex3DS_TextureImport)
C:/devkitPro/libctru/lib\libcitro3d.a(framebuffer.o)
                              C:/devkitPro/libctru/lib\libcitro3d.a(renderqueue.o) (C3D_CalcColorBufSize)
C:/devkitPro/libctru/lib\libcitro3d.a(texenv.o)
                              C:/devkitPro/libctru/lib\libcitro2d.a(base.o) (C3D_GetTexEnv)
C:/devkitPro/libctru/lib\libcitro3d.a(drawElements.o)
                              C:/devkitPro/libctru/lib\libcitro2d.a(base.o) (C3D_DrawElements)
C:/devkitPro/libctru/lib\libcitro3d.a(proctex.o)
                              C:/devkitPro/libctru/lib\libcitro2d.a(base.o) (C3D_ProcTexInit)
C:/devkitPro/libctru/lib\libcitro3d.a(buffers.o)
                              C:/devkitPro/libctru/lib\libcitro2d.a(base.o) (BufInfo_Init)
C:/devkitPro/libctru/lib\libcitro3d.a(effect.o)
                              C:/devkitPro/libctru/lib\libcitro3d.a(base.o) (C3D_DepthMap)
C:/devkitPro/libctru/lib\libcitro3d.a(attribs.o)
                              C:/devkitPro/libctru/lib\libcitro2d.a(base.o) (AttrInfo_Init)
C:/devkitPro/libctru/lib\libcitro3d.a(immediate.o)
                              C:/devkitPro/libctru/lib\libcitro3d.a(base.o) (C3D_ImmSendAttrib)
C:/devkitPro/libctru/lib\libcitro3d.a(uniforms.o)
                              C:/devkitPro/libctru/lib\libcitro3d.a(base.o) (C3D_UpdateUniforms)
C:/devkitPro/libctru/lib\libcitro3d.a(mtx_ortho.o)
                              C:/devkitPro/libctru/lib\libcitro2d.a(base.o) (Mtx_Ortho)
C:/devkitPro/libctru/lib\libcitro3d.a(mtx_scale.o)
                              C:/devkitPro/libctru/lib\libcitro2d.a(base.o) (Mtx_Scale)
C:/devkitPro/libctru/lib\libcitro3d.a(mtx_multiply.o)
                              C:/devkitPro/libctru/lib\libcitro2d.a(base.o) (Mtx_Multiply)
C:/devkitPro/libctru/lib\libcitro3d.a(mtx_orthotilt.o)
                              C:/devkitPro/libctru/lib\libcitro2d.a(base.o) (Mtx_OrthoTilt)
C:/devkitPro/libctru/lib\libcitro3d.a(mtx_translate.o)
                              C:/devkitPro/libctru/lib\libcitro2d.a(base.o) (Mtx_Translate)
C:/devkitPro/libctru/lib\libcitro3d.a(mtx_rotatez.o)
                              C:/devkitPro/libctru/lib\libcitro2d.a(base.o) (Mtx_RotateZ)
C:/devkitPro/libctru/lib\libctru.a(vram.o)
                              C:/devkitPro/libctru/lib\libcitro3d.a(renderqueue.o) (vramAlloc)
C:/devkitPro/libctru/lib\libctru.a(linear.o)
                              C:/devkitPro/libctru/lib\libcitro2d.a(base.o) (linearAlloc)
C:/devkitPro/libctru/lib\libctru.a(mem_pool.o)
                              C:/devkitPro/libctru/lib\libctru.a(vram.o) (MemPool::Allocate(MemChunk&, unsigned long, int))
C:/devkitPro/libctru/lib\libctru.a(romfs_dev.o)
                              main.o (romfsMountSelf)
C:/devkitPro/libctru/lib\libctru.a(os.o)
                              C:/devkitPro/libctru/lib\libcitro3d.a(texture.o) (osConvertVirtToPhys)
C:/devkitPro/libctru/lib\libctru.a(console.o)
                              main.o (consoleInit)
C:/devkitPro/libctru/lib\libctru.a(path_buf.o)
                              C:/devkitPro/libctru/lib\libctru.a(romfs_dev.o) (__ctru_dev_utf16_buf)
C:/devkitPro/libctru/lib\libctru.a(gfx.o)
                              C:/devkitPro/libctru/lib\libcitro2d.a(base.o) (gfxIsWide)
C:/devkitPro/libctru/lib\libctru.a(shaderProgram.o)
                              C:/devkitPro/libctru/lib\libcitro2d.a(base.o) (shaderInstanceGetUniformLocation)
C:/devkitPro/libctru/lib\libctru.a(shbin.o)
                              C:/devkitPro/libctru/lib\libcitro2d.a(base.o) (DVLB_ParseFile)
C:/devkitPro/libctru/lib\libctru.a(gx.o)
                              C:/devkitPro/libctru/lib\libcitro3d.a(renderqueue.o) (GX_BindQueue)
C:/devkitPro/libctru/lib\libctru.a(gxqueue.o)
                              C:/devkitPro/libctru/lib\libcitro3d.a(renderqueue.o) (gxCmdQueueClear)
C:/devkitPro/libctru/lib\libctru.a(gpu.o)
                              C:/devkitPro/libctru/lib\libcitro3d.a(base.o) (gpuCmdBufOffset)
C:/devkitPro/libctru/lib\libctru.a(gspgpu.o)
[...]
Memory Configuration

Name             Origin             Length             Attributes
*default*        0x0000000000000000 0xffffffffffffffff

Linker script and memory map

                0x0000000000100000                PROVIDE (__start__ = 0x100000)
                0x0000000000100000                . = __start__

.text           0x0000000000100000    0x2afb0
 *(.crt0)
 .crt0          0x0000000000100000       0x94 c:/devkitpro/devkitarm/bin/../lib/gcc/arm-none-eabi/12.2.0/../../../../arm-none-eabi/lib/armv6k/fpu/3dsx_crt0.o
                0x0000000000100000                _start
                0x0000000000100008                __service_ptr
                0x000000000010000c                __apt_appid
                0x0000000000100010                __heap_size
                0x0000000000100014                __linear_heap_size
                0x0000000000100018                __system_arglist
                0x000000000010001c                __system_runflags
 *(.init)
 .init          0x0000000000100094        0xc c:/devkitpro/devkitarm/bin/../lib/gcc/arm-none-eabi/12.2.0/armv6k/fpu/crti.o
                0x0000000000100094                _init
 .init          0x00000000001000a0        0xc c:/devkitpro/devkitarm/bin/../lib/gcc/arm-none-eabi/12.2.0/armv6k/fpu/crtn.o
                0x00000000001000ac                . = ALIGN (0x4)
 *(.text)
 .text          0x00000000001000ac      0x20c c:/devkitpro/devkitarm/bin/../lib/gcc/arm-none-eabi/12.2.0/armv6k/fpu\libgcc.a(_udivsi3.o)
                0x00000000001000ac                __aeabi_uidiv
                0x00000000001000ac                __udivsi3
                0x0000000000100298                __aeabi_uidivmod
 .text          0x00000000001002b8      0x240 c:/devkitpro/devkitarm/bin/../lib/gcc/arm-none-eabi/12.2.0/armv6k/fpu\libgcc.a(_divsi3.o)
                0x00000000001002b8                __divsi3
                0x00000000001002b8                __aeabi_idiv
                0x00000000001004d8                __aeabi_idivmod
 .text          0x00000000001004f8        0x4 c:/devkitpro/devkitarm/bin/../lib/gcc/arm-none-eabi/12.2.0/armv6k/fpu\libgcc.a(_dvmd_tls.o)
                0x00000000001004f8                __aeabi_idiv0
                0x00000000001004f8                __aeabi_ldiv0
 .text          0x00000000001004fc      0x3c0 c:/devkitpro/devkitarm/bin/../lib/gcc/arm-none-eabi/12.2.0/armv6k/fpu\libgcc.a(_arm_addsubdf3.o)
                0x00000000001004fc                __aeabi_drsub
                0x0000000000100504                __aeabi_dsub
                0x0000000000100504                __subdf3
                0x0000000000100508                __aeabi_dadd
                0x0000000000100508                __adddf3
                0x00000000001007b4                __floatunsidf
                0x00000000001007b4                __aeabi_ui2d
                0x00000000001007d8                __floatsidf
                0x00000000001007d8                __aeabi_i2d
                0x0000000000100800                __aeabi_f2d
                0x0000000000100800                __extendsfdf2
                0x0000000000100848                __floatundidf
                0x0000000000100848                __aeabi_ul2d
                0x000000000010085c                __floatdidf
                0x000000000010085c                __aeabi_l2d
 .text          0x00000000001008bc       0xd4 c:/devkitpro/devkitarm/bin/../lib/gcc/arm-none-eabi/12.2.0/armv6k/fpu\libgcc.a(_aeabi_ldivmod.o)
                0x00000000001008bc                __aeabi_ldivmod
 .text          0x0000000000100990       0x3c c:/devkitpro/devkitarm/bin/../lib/gcc/arm-none-eabi/12.2.0/armv6k/fpu\libgcc.a(_aeabi_uldivmod.o)
                0x0000000000100990                __aeabi_uldivmod
 *fill*         0x00000000001009cc       0x14 
 .text          0x00000000001009e0      0x390 c:/devkitpro/devkitarm/bin/../lib/gcc/arm-none-eabi/12.2.0/../../../../arm-none-eabi/lib/armv6k/fpu\libg.a(lib_a-strcmp.o)
                0x00000000001009e8                strcmp
 *(.text.*)
 .text.__do_global_dtors_aux
                0x0000000000100d70       0x40 c:/devkitpro/devkitarm/bin/../lib/gcc/arm-none-eabi/12.2.0/armv6k/fpu/crtbegin.o
 .text.frame_dummy
                0x0000000000100db0       0x2c c:/devkitpro/devkitarm/bin/../lib/gcc/arm-none-eabi/12.2.0/armv6k/fpu/crtbegin.o
 .text.startup.main
                0x0000000000100ddc      0x614 main.o
                0x0000000000100ddc                main
 .text.C2Di_FrameEndHook
                0x00000000001013f0       0x44 C:/devkitPro/libctru/lib\libcitro2d.a(base.o)
 *fill*         0x0000000000101434        0x4 
 .text.C2D_Init
                0x0000000000101438      0x36c C:/devkitPro/libctru/lib\libcitro2d.a(base.o)
                0x0000000000101438                C2D_Init
 .text.C2D_Fini
                0x00000000001017a4       0x4c C:/devkitPro/libctru/lib\libcitro2d.a(base.o)
                0x00000000001017a4                C2D_Fini
 .text.C2D_Prepare
                0x00000000001017f0       0xb8 C:/devkitPro/libctru/lib\libcitro2d.a(base.o)
                0x00000000001017f0                C2D_Prepare
 .text.C2D_Flush
                0x00000000001018a8       0x48 C:/devkitPro/libctru/lib\libcitro2d.a(base.o)
                0x00000000001018a8                C2D_Flush
 .text.C2D_SceneSize
                0x00000000001018f0      0x104 C:/devkitPro/libctru/lib\libcitro2d.a(base.o)
                0x00000000001018f0                C2D_SceneSize
 .text.C2D_CreateScreenTarget
                0x00000000001019f4       0x58 C:/devkitPro/libctru/lib\libcitro2d.a(base.o)
                0x00000000001019f4                C2D_CreateScreenTarget
 .text.C2D_TargetClear
                0x0000000000101a4c       0x64 C:/devkitPro/libctru/lib\libcitro2d.a(base.o)
                0x0000000000101a4c                C2D_TargetClear
 .text.C2Di_CalcQuad
                0x0000000000101ab0      0x13c C:/devkitPro/libctru/lib\libcitro2d.a(base.o)
                0x0000000000101ab0                C2Di_CalcQuad
 .text.C2Di_AppendQuad
                0x0000000000101bec       0x58 C:/devkitPro/libctru/lib\libcitro2d.a(base.o)
                0x0000000000101bec                C2Di_AppendQuad
 .text.C2Di_Update
                0x0000000000101c44      0x550 C:/devkitPro/libctru/lib\libcitro2d.a(base.o)
                0x0000000000101c44                C2Di_Update
 .text.C2D_DrawImage
                0x0000000000102194      0x2b0 C:/devkitPro/libctru/lib\libcitro2d.a(base.o)
                0x0000000000102194                C2D_DrawImage
 .text.C2D_SpriteSheetLoadFromHandle
                0x0000000000102444       0x6c C:/devkitPro/libctru/lib\libcitro2d.a(spritesheet.o)
                0x0000000000102444                C2D_SpriteSheetLoadFromHandle
 .text.C2D_SpriteSheetLoad
                0x00000000001024b0       0x48 C:/devkitPro/libctru/lib\libcitro2d.a(spritesheet.o)
                0x00000000001024b0                C2D_SpriteSheetLoad
 .text.C2D_SpriteSheetCount
                0x00000000001024f8        0x8 C:/devkitPro/libctru/lib\libcitro2d.a(spritesheet.o)
                0x00000000001024f8                C2D_SpriteSheetCount
 .text.C2D_SpriteSheetGetImage
                0x0000000000102500       0x2c C:/devkitPro/libctru/lib\libcitro2d.a(spritesheet.o)
                0x0000000000102500                C2D_SpriteSheetGetImage
 .text.C3Di_LightEnvUpdate
                0x000000000010252c        0x4 C:/devkitPro/libctru/lib\libcitro3d.a(base.o)
                0x000000000010252c                C3Di_LightEnvUpdate
 .text.C3Di_LightEnvDirty
                0x0000000000102530        0x4 C:/devkitPro/libctru/lib\libcitro3d.a(base.o)
                0x0000000000102530                C3Di_LightEnvDirty
 .text.C3Di_AptEventHook
                0x0000000000102534       0xb4 C:/devkitPro/libctru/lib\libcitro3d.a(base.o)
 .text.C3Di_GasUpdate
                0x00000000001025e8        0x4 C:/devkitPro/libctru/lib\libcitro3d.a(base.o)
                0x00000000001025e8                C3Di_GasUpdate
 .text.C3D_Init
                0x00000000001025ec      0x1e0 C:/devkitPro/libctru/lib\libcitro3d.a(base.o)
                0x00000000001025ec                C3D_Init
 .text.C3D_SetViewport
                0x00000000001027cc       0x98 C:/devkitPro/libctru/lib\libcitro3d.a(base.o)
                0x00000000001027cc                C3D_SetViewport
 .text.C3Di_UpdateContext
                0x0000000000102864      0x4e8 C:/devkitPro/libctru/lib\libcitro3d.a(base.o)
                0x0000000000102864                C3Di_UpdateContext
 .text.C3Di_SplitFrame
                0x0000000000102d4c       0xe0 C:/devkitPro/libctru/lib\libcitro3d.a(base.o)
                0x0000000000102d4c                C3Di_SplitFrame
 .text.C3D_GetCmdBufUsage
                0x0000000000102e2c       0x10 C:/devkitPro/libctru/lib\libcitro3d.a(base.o)
                0x0000000000102e2c                C3D_GetCmdBufUsage
 .text.C3D_Fini
                0x0000000000102e3c       0x44 C:/devkitPro/libctru/lib\libcitro3d.a(base.o)
                0x0000000000102e3c                C3D_Fini
 .text.C3D_BindProgram
                0x0000000000102e80      0x114 C:/devkitPro/libctru/lib\libcitro3d.a(base.o)
                0x0000000000102e80                C3D_BindProgram
 .text.onVBlank0
                0x0000000000102f94       0x4c C:/devkitPro/libctru/lib\libcitro3d.a(renderqueue.o)
 .text.onVBlank1
                0x0000000000102fe0       0x4c C:/devkitPro/libctru/lib\libcitro3d.a(renderqueue.o)
 .text.C3Di_RenderTargetDestroy
                0x000000000010302c       0x80 C:/devkitPro/libctru/lib\libcitro3d.a(renderqueue.o)
 .text.onQueueFinish
                0x00000000001030ac       0xf4 C:/devkitPro/libctru/lib\libcitro3d.a(renderqueue.o)
 .text.C3Di_RenderQueueEnableVBlank
                0x00000000001031a0       0x38 C:/devkitPro/libctru/lib\libcitro3d.a(renderqueue.o)
                0x00000000001031a0                C3Di_RenderQueueEnableVBlank
 .text.C3Di_RenderQueueDisableVBlank
                0x00000000001031d8       0x30 C:/devkitPro/libctru/lib\libcitro3d.a(renderqueue.o)
                0x00000000001031d8                C3Di_RenderQueueDisableVBlank
 .text.C3Di_RenderQueueInit
                0x0000000000103208       0x60 C:/devkitPro/libctru/lib\libcitro3d.a(renderqueue.o)
                0x0000000000103208                C3Di_RenderQueueInit
 .text.C3Di_RenderQueueExit
                0x0000000000103268       0xb0 C:/devkitPro/libctru/lib\libcitro3d.a(renderqueue.o)
                0x0000000000103268                C3Di_RenderQueueExit
 .text.C3Di_RenderQueueWaitDone
                0x0000000000103318       0x34 C:/devkitPro/libctru/lib\libcitro3d.a(renderqueue.o)
                0x0000000000103318                C3Di_RenderQueueWaitDone
 .text.C3D_FrameBegin
                0x000000000010334c       0xe4 C:/devkitPro/libctru/lib\libcitro3d.a(renderqueue.o)
                0x000000000010334c                C3D_FrameBegin
 .text.C3D_FrameDrawOn
                0x0000000000103430       0x48 C:/devkitPro/libctru/lib\libcitro3d.a(renderqueue.o)
                0x0000000000103430                C3D_FrameDrawOn
 .text.C3D_FrameSplit
                0x0000000000103478       0x58 C:/devkitPro/libctru/lib\libcitro3d.a(renderqueue.o)
                0x0000000000103478                C3D_FrameSplit
 .text.C3D_FrameEnd
                0x00000000001034d0      0x1d8 C:/devkitPro/libctru/lib\libcitro3d.a(renderqueue.o)
                0x00000000001034d0                C3D_FrameEnd
 .text.C3D_FrameEndHook
                0x00000000001036a8       0x1c C:/devkitPro/libctru/lib\libcitro3d.a(renderqueue.o)
                0x00000000001036a8                C3D_FrameEndHook
 .text.C3D_GetDrawingTime
                0x00000000001036c4       0x18 C:/devkitPro/libctru/lib\libcitro3d.a(renderqueue.o)
                0x00000000001036c4                C3D_GetDrawingTime
 .text.C3D_GetProcessingTime
                0x00000000001036dc       0x18 C:/devkitPro/libctru/lib\libcitro3d.a(renderqueue.o)
                0x00000000001036dc                C3D_GetProcessingTime
 .text.C3D_RenderTargetCreate
                0x00000000001036f4      0x184 C:/devkitPro/libctru/lib\libcitro3d.a(renderqueue.o)
                0x00000000001036f4                C3D_RenderTargetCreate
 .text.C3D_RenderTargetSetOutput
                0x0000000000103878       0xa8 C:/devkitPro/libctru/lib\libcitro3d.a(renderqueue.o)
                0x0000000000103878                C3D_RenderTargetSetOutput
 .text.C3D_SyncTextureCopy
                0x0000000000103920       0xfc C:/devkitPro/libctru/lib\libcitro3d.a(renderqueue.o)
                0x0000000000103920                C3D_SyncTextureCopy
 .text.C3D_TexInitWithParams
                0x0000000000103a1c      0x294 C:/devkitPro/libctru/lib\libcitro3d.a(texture.o)
                0x0000000000103a1c                C3D_TexInitWithParams
 .text.C3D_TexLoadImage
                0x0000000000103cb0       0xc8 C:/devkitPro/libctru/lib\libcitro3d.a(texture.o)
                0x0000000000103cb0                C3D_TexLoadImage
 .text.C3D_TexBind
                0x0000000000103d78       0x44 C:/devkitPro/libctru/lib\libcitro3d.a(texture.o)
                0x0000000000103d78                C3D_TexBind
 .text.C3D_TexDelete
                0x0000000000103dbc       0x74 C:/devkitPro/libctru/lib\libcitro3d.a(texture.o)
                0x0000000000103dbc                C3D_TexDelete
 .text.C3Di_SetTex
                0x0000000000103e30      0x16c C:/devkitPro/libctru/lib\libcitro3d.a(texture.o)
                0x0000000000103e30                C3Di_SetTex
 .text.Tex3DSi_ImportCommon
                0x0000000000103f9c      0x3f4 C:/devkitPro/libctru/lib\libcitro3d.a(tex3ds.o)
 .text.Tex3DS_TextureImportStdio
                0x0000000000104390       0x38 C:/devkitPro/libctru/lib\libcitro3d.a(tex3ds.o)
                0x0000000000104390                Tex3DS_TextureImportStdio
 .text.Tex3DS_GetNumSubTextures
                0x00000000001043c8        0x8 C:/devkitPro/libctru/lib\libcitro3d.a(tex3ds.o)
                0x00000000001043c8                Tex3DS_GetNumSubTextures
 .text.Tex3DS_GetSubTexture
                0x00000000001043d0       0x1c C:/devkitPro/libctru/lib\libcitro3d.a(tex3ds.o)
                0x00000000001043d0                Tex3DS_GetSubTexture
 .text.C3D_CalcColorBufSize
                0x00000000001043ec       0x1c C:/devkitPro/libctru/lib\libcitro3d.a(framebuffer.o)
                0x00000000001043ec                C3D_CalcColorBufSize
 .text.C3D_CalcDepthBufSize
                0x0000000000104408       0x1c C:/devkitPro/libctru/lib\libcitro3d.a(framebuffer.o)
                0x0000000000104408                C3D_CalcDepthBufSize
 .text.C3D_SetFrameBuf
                0x0000000000104424       0x44 C:/devkitPro/libctru/lib\libcitro3d.a(framebuffer.o)
                0x0000000000104424                C3D_SetFrameBuf
 .text.C3Di_FrameBufBind
                0x0000000000104468      0x16c C:/devkitPro/libctru/lib\libcitro3d.a(framebuffer.o)
                0x0000000000104468                C3Di_FrameBufBind
 .text.C3D_FrameBufClear
                0x00000000001045d4       0xc8 C:/devkitPro/libctru/lib\libcitro3d.a(framebuffer.o)
                0x00000000001045d4                C3D_FrameBufClear
 .text.C3D_FrameBufTransfer
                0x000000000010469c       0x44 C:/devkitPro/libctru/lib\libcitro3d.a(framebuffer.o)
                0x000000000010469c                C3D_FrameBufTransfer
 .text.C3D_GetTexEnv
                0x00000000001046e0       0x34 C:/devkitPro/libctru/lib\libcitro3d.a(texenv.o)
                0x00000000001046e0                C3D_GetTexEnv
 .text.C3Di_TexEnvBind
                0x0000000000104714       0x24 C:/devkitPro/libctru/lib\libcitro3d.a(texenv.o)
                0x0000000000104714                C3Di_TexEnvBind
 .text.C3D_DrawElements
                0x0000000000104738      0x218 C:/devkitPro/libctru/lib\libcitro3d.a(drawElements.o)
                0x0000000000104738                C3D_DrawElements
 .text.C3D_ProcTexInit
                0x0000000000104950       0x70 C:/devkitPro/libctru/lib\libcitro3d.a(proctex.o)
                0x0000000000104950                C3D_ProcTexInit
 .text.C3D_ProcTexBind
                0x00000000001049c0       0x54 C:/devkitPro/libctru/lib\libcitro3d.a(proctex.o)
                0x00000000001049c0                C3D_ProcTexBind
 .text.C3D_ProcTexLutBind
                0x0000000000104a14       0x5c C:/devkitPro/libctru/lib\libcitro3d.a(proctex.o)
                0x0000000000104a14                C3D_ProcTexLutBind
 .text.ProcTexLut_FromArray
                0x0000000000104a70       0xa4 C:/devkitPro/libctru/lib\libcitro3d.a(proctex.o)
                0x0000000000104a70                ProcTexLut_FromArray
 .text.C3Di_ProcTexUpdate
                0x0000000000104b14      0x17c C:/devkitPro/libctru/lib\libcitro3d.a(proctex.o)
                0x0000000000104b14                C3Di_ProcTexUpdate
 .text.C3Di_ProcTexDirty
                0x0000000000104c90       0x68 C:/devkitPro/libctru/lib\libcitro3d.a(proctex.o)
                0x0000000000104c90                C3Di_ProcTexDirty
 .text.BufInfo_Init
                0x0000000000104cf8       0x24 C:/devkitPro/libctru/lib\libcitro3d.a(buffers.o)
                0x0000000000104cf8                BufInfo_Init
 .text.BufInfo_Add
                0x0000000000104d1c       0x80 C:/devkitPro/libctru/lib\libcitro3d.a(buffers.o)
                0x0000000000104d1c                BufInfo_Add
 .text.C3D_SetBufInfo
                0x0000000000104d9c       0x40 C:/devkitPro/libctru/lib\libcitro3d.a(buffers.o)
                0x0000000000104d9c                C3D_SetBufInfo
 .text.C3Di_BufInfoBind
                0x0000000000104ddc       0x48 C:/devkitPro/libctru/lib\libcitro3d.a(buffers.o)
                0x0000000000104ddc                C3Di_BufInfoBind
 .text.C3D_DepthMap
                0x0000000000104e24       0x40 C:/devkitPro/libctru/lib\libcitro3d.a(effect.o)
                0x0000000000104e24                C3D_DepthMap
 .text.C3D_CullFace
                0x0000000000104e64       0x1c C:/devkitPro/libctru/lib\libcitro3d.a(effect.o)
                0x0000000000104e64                C3D_CullFace
 .text.C3D_StencilTest
                0x0000000000104e80       0x40 C:/devkitPro/libctru/lib\libcitro3d.a(effect.o)
                0x0000000000104e80                C3D_StencilTest
 .text.C3D_StencilOp
                0x0000000000104ec0       0x24 C:/devkitPro/libctru/lib\libcitro3d.a(effect.o)
                0x0000000000104ec0                C3D_StencilOp
 .text.C3D_BlendingColor
                0x0000000000104ee4       0x1c C:/devkitPro/libctru/lib\libcitro3d.a(effect.o)
                0x0000000000104ee4                C3D_BlendingColor
 .text.C3D_EarlyDepthTest
                0x0000000000104f00       0x24 C:/devkitPro/libctru/lib\libcitro3d.a(effect.o)
                0x0000000000104f00                C3D_EarlyDepthTest
 .text.C3D_DepthTest
                0x0000000000104f24       0x2c C:/devkitPro/libctru/lib\libcitro3d.a(effect.o)
                0x0000000000104f24                C3D_DepthTest
 .text.C3D_AlphaTest
                0x0000000000104f50       0x2c C:/devkitPro/libctru/lib\libcitro3d.a(effect.o)
                0x0000000000104f50                C3D_AlphaTest
 .text.C3D_AlphaBlend
                0x0000000000104f7c       0x50 C:/devkitPro/libctru/lib\libcitro3d.a(effect.o)
                0x0000000000104f7c                C3D_AlphaBlend
 .text.C3D_FragOpMode
                0x0000000000104fcc       0x30 C:/devkitPro/libctru/lib\libcitro3d.a(effect.o)
                0x0000000000104fcc                C3D_FragOpMode
 .text.C3D_FragOpShadow
                0x0000000000104ffc       0x44 C:/devkitPro/libctru/lib\libcitro3d.a(effect.o)
                0x0000000000104ffc                C3D_FragOpShadow
 .text.C3Di_EffectBind
                0x0000000000105040      0x1ac C:/devkitPro/libctru/lib\libcitro3d.a(effect.o)
                0x0000000000105040                C3Di_EffectBind
 .text.AttrInfo_Init
                0x00000000001051ec       0x28 C:/devkitPro/libctru/lib\libcitro3d.a(attribs.o)
                0x00000000001051ec                AttrInfo_Init
 .text.AttrInfo_AddLoader
                0x0000000000105214       0x94 C:/devkitPro/libctru/lib\libcitro3d.a(attribs.o)
                0x0000000000105214                AttrInfo_AddLoader
 .text.C3D_SetAttrInfo
                0x00000000001052a8       0x54 C:/devkitPro/libctru/lib\libcitro3d.a(attribs.o)
                0x00000000001052a8                C3D_SetAttrInfo
 .text.C3Di_AttrInfoBind
                0x00000000001052fc       0x80 C:/devkitPro/libctru/lib\libcitro3d.a(attribs.o)
                0x00000000001052fc                C3Di_AttrInfoBind
 .text.C3D_ImmSendAttrib
                0x000000000010537c       0xa8 C:/devkitPro/libctru/lib\libcitro3d.a(immediate.o)
                0x000000000010537c                C3D_ImmSendAttrib
 .text.C3D_UpdateUniforms
                0x0000000000105424      0x280 C:/devkitPro/libctru/lib\libcitro3d.a(uniforms.o)
                0x0000000000105424                C3D_UpdateUniforms
 .text.C3Di_DirtyUniforms
                0x00000000001056a4       0xc0 C:/devkitPro/libctru/lib\libcitro3d.a(uniforms.o)
                0x00000000001056a4                C3Di_DirtyUniforms
 .text.C3Di_LoadShaderUniforms
                0x0000000000105764       0xd8 C:/devkitPro/libctru/lib\libcitro3d.a(uniforms.o)
                0x0000000000105764                C3Di_LoadShaderUniforms
 .text.C3Di_ClearShaderUniforms
                0x000000000010583c       0x28 C:/devkitPro/libctru/lib\libcitro3d.a(uniforms.o)
                0x000000000010583c                C3Di_ClearShaderUniforms
 .text.Mtx_Ortho
                0x0000000000105864       0xcc C:/devkitPro/libctru/lib\libcitro3d.a(mtx_ortho.o)
                0x0000000000105864                Mtx_Ortho
 .text.Mtx_OrthoTilt
                0x0000000000105930       0xcc C:/devkitPro/libctru/lib\libcitro3d.a(mtx_orthotilt.o)
                0x0000000000105930                Mtx_OrthoTilt
 .text._ZL21addrMapNodeComparatorPK11rbtree_nodeS1_
                0x00000000001059fc       0x24 C:/devkitPro/libctru/lib\libctru.a(vram.o)
 .text._ZL21addrMapNodeDestructorP11rbtree_node
                0x0000000000105a20        0x4 C:/devkitPro/libctru/lib\libctru.a(vram.o)
 .text.vramMemAlignAt
                0x0000000000105a24      0x250 C:/devkitPro/libctru/lib\libctru.a(vram.o)
                0x0000000000105a24                vramMemAlignAt
 .text.vramAlloc
                0x0000000000105c74        0xc C:/devkitPro/libctru/lib\libctru.a(vram.o)
                0x0000000000105c74                vramAlloc
 .text.vramAllocAt
                0x0000000000105c80        0xc C:/devkitPro/libctru/lib\libctru.a(vram.o)
                0x0000000000105c80                vramAllocAt
 .text.vramFree
                0x0000000000105c8c       0x90 C:/devkitPro/libctru/lib\libctru.a(vram.o)
                0x0000000000105c8c                vramFree
 .text._ZL21addrMapNodeComparatorPK11rbtree_nodeS1_
                0x0000000000105d1c       0x24 C:/devkitPro/libctru/lib\libctru.a(linear.o)
 .text._ZL21addrMapNodeDestructorP11rbtree_node
                0x0000000000105d40        0x4 C:/devkitPro/libctru/lib\libctru.a(linear.o)
 .text.linearMemAlign
                0x0000000000105d44      0x120 C:/devkitPro/libctru/lib\libctru.a(linear.o)
                0x0000000000105d44                linearMemAlign
 .text.linearAlloc
                0x0000000000105e64        0x8 C:/devkitPro/libctru/lib\libctru.a(linear.o)
                0x0000000000105e64                linearAlloc
 .text.linearFree
                0x0000000000105e6c       0x5c C:/devkitPro/libctru/lib\libctru.a(linear.o)
                0x0000000000105e6c                linearFree
 .text._ZN7MemPool13CoalesceRightEP8MemBlock
                0x0000000000105ec8       0x80 C:/devkitPro/libctru/lib\libctru.a(mem_pool.o)
                0x0000000000105ec8                MemPool::CoalesceRight(MemBlock*)
 .text._ZN7MemPool8AllocateER8MemChunkmi
                0x0000000000105f48      0x16c C:/devkitPro/libctru/lib\libctru.a(mem_pool.o)
                0x0000000000105f48                MemPool::Allocate(MemChunk&, unsigned long, int)
 .text._ZN7MemPool10DeallocateERK8MemChunk
                0x00000000001060b4       0xfc C:/devkitPro/libctru/lib\libctru.a(mem_pool.o)
                0x00000000001060b4                MemPool::Deallocate(MemChunk const&)
 .text._ZN7MemPool12GetFreeSpaceEv
                0x00000000001061b0       0x30 C:/devkitPro/libctru/lib\libctru.a(mem_pool.o)
                0x00000000001061b0                MemPool::GetFreeSpace()
 .text.romfs_close
                0x00000000001061e0        0x8 C:/devkitPro/libctru/lib\libctru.a(romfs_dev.o)
 .text.romfs_seek
                0x00000000001061e8       0xc0 C:/devkitPro/libctru/lib\libctru.a(romfs_dev.o)
 .text.romfs_dirreset
                0x00000000001062a8       0x24 C:/devkitPro/libctru/lib\libctru.a(romfs_dev.o)
 .text.fill_dir
                0x00000000001062cc       0xc8 C:/devkitPro/libctru/lib\libctru.a(romfs_dev.o)
 .text.romfs_dirnext
                0x0000000000106394      0x28c C:/devkitPro/libctru/lib\libctru.a(romfs_dev.o)
 .text.romfs_free
                0x0000000000106620       0x84 C:/devkitPro/libctru/lib\libctru.a(romfs_dev.o)
 .text.searchForFile.constprop.0
                0x00000000001066a4       0xd4 C:/devkitPro/libctru/lib\libctru.a(romfs_dev.o)
 .text.searchForDir.constprop.0
                0x0000000000106778       0xd8 C:/devkitPro/libctru/lib\libctru.a(romfs_dev.o)
 .text.navigateToDir.constprop.0
                0x0000000000106850      0x1c0 C:/devkitPro/libctru/lib\libctru.a(romfs_dev.o)
 .text.romfs_open
                0x0000000000106a10      0x10c C:/devkitPro/libctru/lib\libctru.a(romfs_dev.o)
 .text.romfs_chdir
                0x0000000000106b1c       0x4c C:/devkitPro/libctru/lib\libctru.a(romfs_dev.o)
 .text.romfs_diropen
                0x0000000000106b68       0x70 C:/devkitPro/libctru/lib\libctru.a(romfs_dev.o)
 .text.romfs_stat
                0x0000000000106bd8      0x174 C:/devkitPro/libctru/lib\libctru.a(romfs_dev.o)
 .text.romfs_dirclose
                0x0000000000106d4c        0x8 C:/devkitPro/libctru/lib\libctru.a(romfs_dev.o)
 *fill*         0x0000000000106d54        0x4 
 .text.romfs_fstat
                0x0000000000106d58       0x84 C:/devkitPro/libctru/lib\libctru.a(romfs_dev.o)
 .text.romfs_read
                0x0000000000106ddc       0xd0 C:/devkitPro/libctru/lib\libctru.a(romfs_dev.o)
 .text.romfsMountFromFile
                0x0000000000106eac      0x28c C:/devkitPro/libctru/lib\libctru.a(romfs_dev.o)
                0x0000000000106eac                romfsMountFromFile
 .text.romfsMountFromCurrentProcess
                0x0000000000107138       0x98 C:/devkitPro/libctru/lib\libctru.a(romfs_dev.o)
                0x0000000000107138                romfsMountFromCurrentProcess
 .text.romfsMountSelf
                0x00000000001071d0      0x260 C:/devkitPro/libctru/lib\libctru.a(romfs_dev.o)
                0x00000000001071d0                romfsMountSelf
 .text.romfsUnmount
                0x0000000000107430       0xa0 C:/devkitPro/libctru/lib\libctru.a(romfs_dev.o)
                0x0000000000107430                romfsUnmount
 .text.osConvertVirtToPhys
                0x00000000001074d0       0x74 C:/devkitPro/libctru/lib\libctru.a(os.o)
                0x00000000001074d0                osConvertVirtToPhys
 .text.osGetTimeRef
                0x0000000000107544       0x54 C:/devkitPro/libctru/lib\libctru.a(os.o)
                0x0000000000107544                osGetTimeRef
 .text.osGetTime
                0x0000000000107598       0xec C:/devkitPro/libctru/lib\libctru.a(os.o)
                0x0000000000107598                osGetTime
 *fill*         0x0000000000107684        0x4 
 .text.osTickCounterRead
                0x0000000000107688       0x38 C:/devkitPro/libctru/lib\libctru.a(os.o)
                0x0000000000107688                osTickCounterRead
 .text.__ctru_speedup_config
                0x00000000001076c0       0x34 C:/devkitPro/libctru/lib\libctru.a(os.o)
                0x00000000001076c0                __ctru_speedup_config
 .text.parseColor
                0x00000000001076f4      0x1e8 C:/devkitPro/libctru/lib\libctru.a(console.o)
 .text.consoleDrawChar
                0x00000000001078dc      0x1ac C:/devkitPro/libctru/lib\libctru.a(console.o)
                0x00000000001078dc                consoleDrawChar
 .text.consolePrintChar
                0x0000000000107a88      0x124 C:/devkitPro/libctru/lib\libctru.a(console.o)
                0x0000000000107a88                consolePrintChar
 .text.con_write
                0x0000000000107bac      0xb94 C:/devkitPro/libctru/lib\libctru.a(console.o)
                0x0000000000107bac                con_write
 .text.newRow   0x0000000000108740       0xfc C:/devkitPro/libctru/lib\libctru.a(console.o)
 .text.consoleInit
                0x000000000010883c      0x168 C:/devkitPro/libctru/lib\libctru.a(console.o)
                0x000000000010883c                consoleInit
 .text.gfxPresentFramebuffer
                0x00000000001089a4       0xd0 C:/devkitPro/libctru/lib\libctru.a(gfx.o)
 .text.gfxIsWide
                0x0000000000108a74       0x1c C:/devkitPro/libctru/lib\libctru.a(gfx.o)
                0x0000000000108a74                gfxIsWide
 .text.gfxSetScreenFormat
                0x0000000000108a90       0xec C:/devkitPro/libctru/lib\libctru.a(gfx.o)
                0x0000000000108a90                gfxSetScreenFormat
 .text.gfxSetDoubleBuffering
                0x0000000000108b7c       0x10 C:/devkitPro/libctru/lib\libctru.a(gfx.o)
                0x0000000000108b7c                gfxSetDoubleBuffering
 .text.gfxInit  0x0000000000108b8c       0xe0 C:/devkitPro/libctru/lib\libctru.a(gfx.o)
                0x0000000000108b8c                gfxInit
 .text.gfxInitDefault
                0x0000000000108c6c       0x10 C:/devkitPro/libctru/lib\libctru.a(gfx.o)
                0x0000000000108c6c                gfxInitDefault
 .text.gfxExit  0x0000000000108c7c       0xb4 C:/devkitPro/libctru/lib\libctru.a(gfx.o)
                0x0000000000108c7c                gfxExit
 .text.gfxGetFramebuffer
                0x0000000000108d30       0xa0 C:/devkitPro/libctru/lib\libctru.a(gfx.o)
                0x0000000000108d30                gfxGetFramebuffer
 .text.gfxFlushBuffers
                0x0000000000108dd0      0x104 C:/devkitPro/libctru/lib\libctru.a(gfx.o)
                0x0000000000108dd0                gfxFlushBuffers
 .text.gfxScreenSwapBuffers
                0x0000000000108ed4       0x30 C:/devkitPro/libctru/lib\libctru.a(gfx.o)
                0x0000000000108ed4                gfxScreenSwapBuffers
 .text.gfxSwapBuffersGpu
                0x0000000000108f04       0x50 C:/devkitPro/libctru/lib\libctru.a(gfx.o)
                0x0000000000108f04                gfxSwapBuffersGpu
 .text.shaderInstanceInit
                0x0000000000108f54      0x1d4 C:/devkitPro/libctru/lib\libctru.a(shaderProgram.o)
                0x0000000000108f54                shaderInstanceInit
 .text.shaderInstanceGetUniformLocation
                0x0000000000109128       0x18 C:/devkitPro/libctru/lib\libctru.a(shaderProgram.o)
                0x0000000000109128                shaderInstanceGetUniformLocation
 .text.shaderProgramInit
                0x0000000000109140       0x1c C:/devkitPro/libctru/lib\libctru.a(shaderProgram.o)
                0x0000000000109140                shaderProgramInit
 .text.shaderProgramFree
                0x000000000010915c       0x64 C:/devkitPro/libctru/lib\libctru.a(shaderProgram.o)
                0x000000000010915c                shaderProgramFree
 .text.shaderProgramSetVsh
                0x00000000001091c0       0x80 C:/devkitPro/libctru/lib\libctru.a(shaderProgram.o)
                0x00000000001091c0                shaderProgramSetVsh
 .text.shaderProgramConfigure
                0x0000000000109240      0x8e0 C:/devkitPro/libctru/lib\libctru.a(shaderProgram.o)
                0x0000000000109240                shaderProgramConfigure
 .text.DVLE_GenerateOutmap.part.0
                0x0000000000109b20      0x1cc C:/devkitPro/libctru/lib\libctru.a(shbin.o)
 .text.DVLB_ParseFile
                0x0000000000109cec      0x1b4 C:/devkitPro/libctru/lib\libctru.a(shbin.o)
                0x0000000000109cec                DVLB_ParseFile
 .text.DVLB_Free
                0x0000000000109ea0       0x38 C:/devkitPro/libctru/lib\libctru.a(shbin.o)
                0x0000000000109ea0                DVLB_Free
 .text.DVLE_GetUniformRegister
                0x0000000000109ed8       0x74 C:/devkitPro/libctru/lib\libctru.a(shbin.o)
                0x0000000000109ed8                DVLE_GetUniformRegister
 .text.GX_BindQueue
                0x0000000000109f4c       0x10 C:/devkitPro/libctru/lib\libctru.a(gx.o)
                0x0000000000109f4c                GX_BindQueue
 .text.GX_ProcessCommandList
                0x0000000000109f5c       0x78 C:/devkitPro/libctru/lib\libctru.a(gx.o)
                0x0000000000109f5c                GX_ProcessCommandList
 .text.GX_MemoryFill
                0x0000000000109fd4       0x74 C:/devkitPro/libctru/lib\libctru.a(gx.o)
                0x0000000000109fd4                GX_MemoryFill
 .text.GX_DisplayTransfer
                0x000000000010a048       0x70 C:/devkitPro/libctru/lib\libctru.a(gx.o)
                0x000000000010a048                GX_DisplayTransfer
 .text.GX_TextureCopy
                0x000000000010a0b8       0x74 C:/devkitPro/libctru/lib\libctru.a(gx.o)
                0x000000000010a0b8                GX_TextureCopy
 .text.gxCmdQueueDoCommands.part.0
                0x000000000010a12c       0x68 C:/devkitPro/libctru/lib\libctru.a(gxqueue.o)
 .text.gxCmdQueueInterrupt
                0x000000000010a194       0xc8 C:/devkitPro/libctru/lib\libctru.a(gxqueue.o)
                0x000000000010a194                gxCmdQueueInterrupt
 .text.gxCmdQueueClear
                0x000000000010a25c       0x4c C:/devkitPro/libctru/lib\libctru.a(gxqueue.o)
                0x000000000010a25c                gxCmdQueueClear
 .text.gxCmdQueueAdd
                0x000000000010a2a8       0xf8 C:/devkitPro/libctru/lib\libctru.a(gxqueue.o)
                0x000000000010a2a8                gxCmdQueueAdd
 .text.gxCmdQueueRun
                0x000000000010a3a0       0x80 C:/devkitPro/libctru/lib\libctru.a(gxqueue.o)
                0x000000000010a3a0                gxCmdQueueRun
 .text.gxCmdQueueStop
                0x000000000010a420       0x60 C:/devkitPro/libctru/lib\libctru.a(gxqueue.o)
                0x000000000010a420                gxCmdQueueStop
 .text.gxCmdQueueWait
                0x000000000010a480       0x74 C:/devkitPro/libctru/lib\libctru.a(gxqueue.o)
                0x000000000010a480                gxCmdQueueWait
 .text.GPUCMD_Add
                0x000000000010a4f4      0x13c C:/devkitPro/libctru/lib\libctru.a(gpu.o)
                0x000000000010a4f4                GPUCMD_Add
 .text.GPUCMD_Split
                0x000000000010a630       0xb0 C:/devkitPro/libctru/lib\libctru.a(gpu.o)
                0x000000000010a630                GPUCMD_Split
 .text.f32tof16
                0x000000000010a6e0       0x34 C:/devkitPro/libctru/lib\libctru.a(gpu.o)
                0x000000000010a6e0                f32tof16
 .text.f32tof24
                0x000000000010a714       0x34 C:/devkitPro/libctru/lib\libctru.a(gpu.o)
                0x000000000010a714                f32tof24
 .text.f32tof31
                0x000000000010a748       0x38 C:/devkitPro/libctru/lib\libctru.a(gpu.o)
                0x000000000010a748                f32tof31
 .text.gspHardwareInit
                0x000000000010a780      0xc58 C:/devkitPro/libctru/lib\libctru.a(gspgpu.o)
 .text.gspInit  0x000000000010b3d8      0x248 C:/devkitPro/libctru/lib\libctru.a(gspgpu.o)
                0x000000000010b3d8                gspInit
 .text.gspExit  0x000000000010b620       0xf0 C:/devkitPro/libctru/lib\libctru.a(gspgpu.o)
                0x000000000010b620                gspExit
 .text.gspHasGpuRight
                0x000000000010b710       0x10 C:/devkitPro/libctru/lib\libctru.a(gspgpu.o)
                0x000000000010b710                gspHasGpuRight
 .text.gspPresentBuffer
                0x000000000010b720       0xa0 C:/devkitPro/libctru/lib\libctru.a(gspgpu.o)
                0x000000000010b720                gspPresentBuffer
 .text.gspSetEventCallback
                0x000000000010b7c0       0x30 C:/devkitPro/libctru/lib\libctru.a(gspgpu.o)
                0x000000000010b7c0                gspSetEventCallback
 .text.gspWaitForEvent
                0x000000000010b7f0       0x44 C:/devkitPro/libctru/lib\libctru.a(gspgpu.o)
                0x000000000010b7f0                gspWaitForEvent
 .text.gspWaitForAnyEvent
                0x000000000010b834       0x4c C:/devkitPro/libctru/lib\libctru.a(gspgpu.o)
                0x000000000010b834                gspWaitForAnyEvent
 .text.gspEventThreadMain
                0x000000000010b880      0x158 C:/devkitPro/libctru/lib\libctru.a(gspgpu.o)
 .text.gspSubmitGxCommand
                0x000000000010b9d8      0x130 C:/devkitPro/libctru/lib\libctru.a(gspgpu.o)
                0x000000000010b9d8                gspSubmitGxCommand
 .text.GSPGPU_FlushDataCache
                0x000000000010bb08       0x50 C:/devkitPro/libctru/lib\libctru.a(gspgpu.o)
                0x000000000010bb08                GSPGPU_FlushDataCache
 .text.GSPGPU_SetLcdForceBlack
                0x000000000010bb58       0x34 C:/devkitPro/libctru/lib\libctru.a(gspgpu.o)
                0x000000000010bb58                GSPGPU_SetLcdForceBlack
 .text.GSPGPU_AcquireRight
                0x000000000010bb8c       0x68 C:/devkitPro/libctru/lib\libctru.a(gspgpu.o)
                0x000000000010bb8c                GSPGPU_AcquireRight
 .text.GSPGPU_ReleaseRight
                0x000000000010bbf4       0x48 C:/devkitPro/libctru/lib\libctru.a(gspgpu.o)
                0x000000000010bbf4                GSPGPU_ReleaseRight
 .text.GSPGPU_ImportDisplayCaptureInfo
                0x000000000010bc3c       0x7c C:/devkitPro/libctru/lib\libctru.a(gspgpu.o)
                0x000000000010bc3c                GSPGPU_ImportDisplayCaptureInfo
 .text.GSPGPU_SaveVramSysArea
                0x000000000010bcb8       0x2c C:/devkitPro/libctru/lib\libctru.a(gspgpu.o)
                0x000000000010bcb8                GSPGPU_SaveVramSysArea
 .text.GSPGPU_RestoreVramSysArea
                0x000000000010bce4       0x2c C:/devkitPro/libctru/lib\libctru.a(gspgpu.o)
                0x000000000010bce4                GSPGPU_RestoreVramSysArea
 .text.aptConvertScreenForCapture
                0x000000000010bd10      0x1a4 C:/devkitPro/libctru/lib\libctru.a(apt.o)
 .text.aptDspSleep
                0x000000000010beb4        0x8 C:/devkitPro/libctru/lib\libctru.a(apt.o)
                0x000000000010beb4                aptDspSleep
 .text.aptDspWakeup
                0x000000000010bebc        0x4 C:/devkitPro/libctru/lib\libctru.a(apt.o)
                0x000000000010bebc                aptDspWakeup
 .text.aptDspCancel
                0x000000000010bec0        0x4 C:/devkitPro/libctru/lib\libctru.a(apt.o)
                0x000000000010bec0                aptDspCancel
 .text.aptSendCommand
                0x000000000010bec4      0x158 C:/devkitPro/libctru/lib\libctru.a(apt.o)
                0x000000000010bec4                aptSendCommand
 *fill*         0x000000000010c01c        0x4 
 .text.aptExitProcess
                0x000000000010c020       0x44 C:/devkitPro/libctru/lib\libctru.a(apt.o)
 .text.aptExit  0x000000000010c064      0x2f4 C:/devkitPro/libctru/lib\libctru.a(apt.o)
                0x000000000010c064                aptExit
 .text.aptHandleSleep
                0x000000000010c358       0xe0 C:/devkitPro/libctru/lib\libctru.a(apt.o)
                0x000000000010c358                aptHandleSleep
 .text.aptHook  0x000000000010c438       0x30 C:/devkitPro/libctru/lib\libctru.a(apt.o)
                0x000000000010c438                aptHook
 .text.aptUnhook
                0x000000000010c468       0x30 C:/devkitPro/libctru/lib\libctru.a(apt.o)
                0x000000000010c468                aptUnhook
 .text.APT_SleepIfShellClosed
                0x000000000010c498       0x84 C:/devkitPro/libctru/lib\libctru.a(apt.o)
                0x000000000010c498                APT_SleepIfShellClosed
 .text.aptSetSleepAllowed
                0x000000000010c51c       0x84 C:/devkitPro/libctru/lib\libctru.a(apt.o)
                0x000000000010c51c                aptSetSleepAllowed
 .text.APT_UnlockTransition
                0x000000000010c5a0       0x84 C:/devkitPro/libctru/lib\libctru.a(apt.o)
                0x000000000010c5a0                APT_UnlockTransition
 *fill*         0x000000000010c624        0x4 
 .text.aptEventHandler
                0x000000000010c628      0x4a4 C:/devkitPro/libctru/lib\libctru.a(apt.o)
 .text.APT_ReceiveParameter
                0x000000000010cacc       0xb0 C:/devkitPro/libctru/lib\libctru.a(apt.o)
                0x000000000010cacc                APT_ReceiveParameter
 .text.aptReceiveParameter.constprop.0
                0x000000000010cb7c       0xb0 C:/devkitPro/libctru/lib\libctru.a(apt.o)
 *fill*         0x000000000010cc2c        0x4 
 .text.aptScreenTransfer
                0x000000000010cc30      0x2ac C:/devkitPro/libctru/lib\libctru.a(apt.o)
 .text.aptWaitForWakeUp.isra.0
                0x000000000010cedc      0x344 C:/devkitPro/libctru/lib\libctru.a(apt.o)
 .text.aptJumpToHomeMenu
                0x000000000010d220      0x100 C:/devkitPro/libctru/lib\libctru.a(apt.o)
                0x000000000010d220                aptJumpToHomeMenu
 .text.aptMainLoop
                0x000000000010d320       0x48 C:/devkitPro/libctru/lib\libctru.a(apt.o)
                0x000000000010d320                aptMainLoop
 .text.aptInit  0x000000000010d368      0x22c C:/devkitPro/libctru/lib\libctru.a(apt.o)
                0x000000000010d368                aptInit
 .text.APT_CheckNew3DS
                0x000000000010d594       0x7c C:/devkitPro/libctru/lib\libctru.a(apt.o)
                0x000000000010d594                APT_CheckNew3DS
 .text.hidShouldUseIrrst
                0x000000000010d610       0x24 C:/devkitPro/libctru/lib\libctru.a(hid.o)
                0x000000000010d610                hidShouldUseIrrst
 .text.hidInit  0x000000000010d634      0x18c C:/devkitPro/libctru/lib\libctru.a(hid.o)
                0x000000000010d634                hidInit
 .text.hidExit  0x000000000010d7c0       0xe8 C:/devkitPro/libctru/lib\libctru.a(hid.o)
                0x000000000010d7c0                hidExit
 .text.hidScanInput
                0x000000000010d8a8      0x2a4 C:/devkitPro/libctru/lib\libctru.a(hid.o)
                0x000000000010d8a8                hidScanInput
 .text.hidKeysHeld
                0x000000000010db4c       0x10 C:/devkitPro/libctru/lib\libctru.a(hid.o)
                0x000000000010db4c                hidKeysHeld
 .text.hidKeysDown
                0x000000000010db5c       0x10 C:/devkitPro/libctru/lib\libctru.a(hid.o)
                0x000000000010db5c                hidKeysDown
 .text.hidCircleRead
                0x000000000010db6c       0x18 C:/devkitPro/libctru/lib\libctru.a(hid.o)
                0x000000000010db6c                hidCircleRead
 .text.ptmSysmInit
                0x000000000010db84       0x74 C:/devkitPro/libctru/lib\libctru.a(ptmsysm.o)
                0x000000000010db84                ptmSysmInit
 .text.ptmSysmExit
                0x000000000010dbf8       0x3c C:/devkitPro/libctru/lib\libctru.a(ptmsysm.o)
                0x000000000010dbf8                ptmSysmExit
 .text.PTMSYSM_ConfigureNew3DSCPU
                0x000000000010dc34       0x34 C:/devkitPro/libctru/lib\libctru.a(ptmsysm.o)
                0x000000000010dc34                PTMSYSM_ConfigureNew3DSCPU
 .text.fsInit   0x000000000010dc68       0xcc C:/devkitPro/libctru/lib\libctru.a(fs.o)
                0x000000000010dc68                fsInit
 .text.fsExit   0x000000000010dd34       0x3c C:/devkitPro/libctru/lib\libctru.a(fs.o)
                0x000000000010dd34                fsExit
 .text.fsExemptFromSession
                0x000000000010dd70       0x60 C:/devkitPro/libctru/lib\libctru.a(fs.o)
                0x000000000010dd70                fsExemptFromSession
 .text.fsUnexemptFromSession
                0x000000000010ddd0       0x50 C:/devkitPro/libctru/lib\libctru.a(fs.o)
                0x000000000010ddd0                fsUnexemptFromSession
 .text.FSUSER_OpenFile
                0x000000000010de20       0xcc C:/devkitPro/libctru/lib\libctru.a(fs.o)
                0x000000000010de20                FSUSER_OpenFile
 .text.FSUSER_OpenFileDirectly
                0x000000000010deec       0xd4 C:/devkitPro/libctru/lib\libctru.a(fs.o)
                0x000000000010deec                FSUSER_OpenFileDirectly
 .text.FSUSER_DeleteFile
                0x000000000010dfc0       0xbc C:/devkitPro/libctru/lib\libctru.a(fs.o)
                0x000000000010dfc0                FSUSER_DeleteFile
 .text.FSUSER_RenameFile
                0x000000000010e07c       0xf8 C:/devkitPro/libctru/lib\libctru.a(fs.o)
                0x000000000010e07c                FSUSER_RenameFile
 .text.FSUSER_DeleteDirectory
                0x000000000010e174       0xbc C:/devkitPro/libctru/lib\libctru.a(fs.o)
                0x000000000010e174                FSUSER_DeleteDirectory
 .text.FSUSER_CreateFile
                0x000000000010e230       0xd4 C:/devkitPro/libctru/lib\libctru.a(fs.o)
                0x000000000010e230                FSUSER_CreateFile
 .text.FSUSER_CreateDirectory
                0x000000000010e304       0xc4 C:/devkitPro/libctru/lib\libctru.a(fs.o)
                0x000000000010e304                FSUSER_CreateDirectory
 .text.FSUSER_RenameDirectory
                0x000000000010e3c8       0xf8 C:/devkitPro/libctru/lib\libctru.a(fs.o)
                0x000000000010e3c8                FSUSER_RenameDirectory
 .text.FSUSER_OpenDirectory
                0x000000000010e4c0       0xb4 C:/devkitPro/libctru/lib\libctru.a(fs.o)
                0x000000000010e4c0                FSUSER_OpenDirectory
 .text.FSUSER_OpenArchive
                0x000000000010e574       0x98 C:/devkitPro/libctru/lib\libctru.a(fs.o)
                0x000000000010e574                FSUSER_OpenArchive
 .text.FSUSER_CloseArchive
                0x000000000010e60c       0x8c C:/devkitPro/libctru/lib\libctru.a(fs.o)
                0x000000000010e60c                FSUSER_CloseArchive
 .text.FSUSER_GetSdmcArchiveResource
                0x000000000010e698       0x74 C:/devkitPro/libctru/lib\libctru.a(fs.o)
                0x000000000010e698                FSUSER_GetSdmcArchiveResource
 .text.FSUSER_IsSdmcWritable
                0x000000000010e70c       0x64 C:/devkitPro/libctru/lib\libctru.a(fs.o)
                0x000000000010e70c                FSUSER_IsSdmcWritable
 .text.FSFILE_Read
                0x000000000010e770       0x58 C:/devkitPro/libctru/lib\libctru.a(fs.o)
                0x000000000010e770                FSFILE_Read
 .text.FSFILE_Write
                0x000000000010e7c8       0x60 C:/devkitPro/libctru/lib\libctru.a(fs.o)
                0x000000000010e7c8                FSFILE_Write
 .text.FSFILE_GetSize
                0x000000000010e828       0x3c C:/devkitPro/libctru/lib\libctru.a(fs.o)
                0x000000000010e828                FSFILE_GetSize
 .text.FSFILE_SetSize
                0x000000000010e864       0x28 C:/devkitPro/libctru/lib\libctru.a(fs.o)
                0x000000000010e864                FSFILE_SetSize
 .text.FSFILE_Close
                0x000000000010e88c       0x3c C:/devkitPro/libctru/lib\libctru.a(fs.o)
                0x000000000010e88c                FSFILE_Close
 .text.FSFILE_Flush
                0x000000000010e8c8       0x24 C:/devkitPro/libctru/lib\libctru.a(fs.o)
                0x000000000010e8c8                FSFILE_Flush
 .text.FSDIR_Read
                0x000000000010e8ec       0x50 C:/devkitPro/libctru/lib\libctru.a(fs.o)
                0x000000000010e8ec                FSDIR_Read
 .text.FSDIR_Close
                0x000000000010e93c       0x3c C:/devkitPro/libctru/lib\libctru.a(fs.o)
                0x000000000010e93c                FSDIR_Close
 .text.buffer_read
                0x000000000010e978       0xc4 C:/devkitPro/libctru/lib\libctru.a(decompress.o)
 .text.iov_read
                0x000000000010ea3c       0xd0 C:/devkitPro/libctru/lib\libctru.a(decompress.o)
 .text.iov_memmove
                0x000000000010eb0c      0x138 C:/devkitPro/libctru/lib\libctru.a(decompress.o)
 .text.decompress_rle
                0x000000000010ec44      0x1dc C:/devkitPro/libctru/lib\libctru.a(decompress.o)
 .text.decompress_lzss
                0x000000000010ee20      0x244 C:/devkitPro/libctru/lib\libctru.a(decompress.o)
 .text.decompress_lz11
                0x000000000010f064      0x424 C:/devkitPro/libctru/lib\libctru.a(decompress.o)
 .text.decompress_huff
                0x000000000010f488      0x2d8 C:/devkitPro/libctru/lib\libctru.a(decompress.o)
 .text.decompressCallback_Stdio
                0x000000000010f760       0x10 C:/devkitPro/libctru/lib\libctru.a(decompress.o)
                0x000000000010f760                decompressCallback_Stdio
 .text.decompressHeader
                0x000000000010f770       0xdc C:/devkitPro/libctru/lib\libctru.a(decompress.o)
                0x000000000010f770                decompressHeader
 .text.decompressV
                0x000000000010f84c      0x240 C:/devkitPro/libctru/lib\libctru.a(decompress.o)
                0x000000000010f84c                decompressV
 .text.rbtree_init
                0x000000000010fa8c       0x10 C:/devkitPro/libctru/lib\libctru.a(rbtree_init.o)
                0x000000000010fa8c                rbtree_init
 .text.do_insert
                0x000000000010fa9c      0x1b4 C:/devkitPro/libctru/lib\libctru.a(rbtree_insert.o)
 .text.rbtree_insert
                0x000000000010fc50        0x8 C:/devkitPro/libctru/lib\libctru.a(rbtree_insert.o)
                0x000000000010fc50                rbtree_insert
 .text.rbtree_rotate
                0x000000000010fc58       0x90 C:/devkitPro/libctru/lib\libctru.a(rbtree_rotate.o)
                0x000000000010fc58                rbtree_rotate
 .text.rbtree_remove
                0x000000000010fce8      0x318 C:/devkitPro/libctru/lib\libctru.a(rbtree_remove.o)
                0x000000000010fce8                rbtree_remove
 .text.rbtree_find
                0x0000000000110000       0x74 C:/devkitPro/libctru/lib\libctru.a(rbtree_find.o)
                0x0000000000110000                rbtree_find
 .text.utf16_to_utf8
                0x0000000000110074       0xe8 C:/devkitPro/libctru/lib\libctru.a(utf16_to_utf8.o)
                0x0000000000110074                utf16_to_utf8
 .text.decode_utf16
                0x000000000011015c       0x64 C:/devkitPro/libctru/lib\libctru.a(decode_utf16.o)
                0x000000000011015c                decode_utf16
 .text.utf8_to_utf16
                0x00000000001101c0       0xc0 C:/devkitPro/libctru/lib\libctru.a(utf8_to_utf16.o)
                0x00000000001101c0                utf8_to_utf16
 .text.__system_allocateHeaps
                0x0000000000110280      0x1e0 C:/devkitPro/libctru/lib\libctru.a(allocateHeaps.o)
                0x0000000000110280                __system_allocateHeaps
 .text.__libctru_init
                0x0000000000110460       0x38 C:/devkitPro/libctru/lib\libctru.a(ctru_init.o)
                0x0000000000110460                __libctru_init
 .text.__system_initArgv
                0x0000000000110498      0x170 C:/devkitPro/libctru/lib\libctru.a(initArgv.o)
                0x0000000000110498                __system_initArgv
 .text.svcControlMemory
                0x0000000000110608       0x20 C:/devkitPro/libctru/lib\libctru.a(svc.o)
                0x0000000000110608                svcControlMemory
 .text.svcQueryMemory
                0x0000000000110628       0x30 C:/devkitPro/libctru/lib\libctru.a(svc.o)
                0x0000000000110628                svcQueryMemory
 .text.svcExitProcess
                0x0000000000110658        0x8 C:/devkitPro/libctru/lib\libctru.a(svc.o)
                0x0000000000110658                svcExitProcess
 .text.svcCreateThread
                0x0000000000110660       0x20 C:/devkitPro/libctru/lib\libctru.a(svc.o)
                0x0000000000110660                svcCreateThread
 .text.svcExitThread
                0x0000000000110680        0x8 C:/devkitPro/libctru/lib\libctru.a(svc.o)
                0x0000000000110680                svcExitThread
 .text.svcSleepThread
                0x0000000000110688        0x8 C:/devkitPro/libctru/lib\libctru.a(svc.o)
                0x0000000000110688                svcSleepThread
 .text.svcReleaseMutex
                0x0000000000110690        0x8 C:/devkitPro/libctru/lib\libctru.a(svc.o)
                0x0000000000110690                svcReleaseMutex
 .text.svcCreateEvent
                0x0000000000110698       0x14 C:/devkitPro/libctru/lib\libctru.a(svc.o)
                0x0000000000110698                svcCreateEvent
 .text.svcSignalEvent
                0x00000000001106ac        0x8 C:/devkitPro/libctru/lib\libctru.a(svc.o)
                0x00000000001106ac                svcSignalEvent
 .text.svcClearEvent
                0x00000000001106b4        0x8 C:/devkitPro/libctru/lib\libctru.a(svc.o)
                0x00000000001106b4                svcClearEvent
 .text.svcMapMemoryBlock
                0x00000000001106bc        0x8 C:/devkitPro/libctru/lib\libctru.a(svc.o)
                0x00000000001106bc                svcMapMemoryBlock
 .text.svcUnmapMemoryBlock
                0x00000000001106c4        0x8 C:/devkitPro/libctru/lib\libctru.a(svc.o)
                0x00000000001106c4                svcUnmapMemoryBlock
 .text.svcCreateAddressArbiter
                0x00000000001106cc       0x14 C:/devkitPro/libctru/lib\libctru.a(svc.o)
                0x00000000001106cc                svcCreateAddressArbiter
 .text.svcArbitrateAddressNoTimeout
                0x00000000001106e0        0x8 C:/devkitPro/libctru/lib\libctru.a(svc.o)
                0x00000000001106e0                svcArbitrateAddressNoTimeout
 .text.svcCloseHandle
                0x00000000001106e8        0x8 C:/devkitPro/libctru/lib\libctru.a(svc.o)
                0x00000000001106e8                svcCloseHandle
 .text.svcWaitSynchronization
                0x00000000001106f0        0x8 C:/devkitPro/libctru/lib\libctru.a(svc.o)
                0x00000000001106f0                svcWaitSynchronization
 .text.svcWaitSynchronizationN
                0x00000000001106f8       0x28 C:/devkitPro/libctru/lib\libctru.a(svc.o)
                0x00000000001106f8                svcWaitSynchronizationN
 .text.svcDuplicateHandle
                0x0000000000110720       0x14 C:/devkitPro/libctru/lib\libctru.a(svc.o)
                0x0000000000110720                svcDuplicateHandle
 .text.svcGetSystemTick
                0x0000000000110734        0x8 C:/devkitPro/libctru/lib\libctru.a(svc.o)
                0x0000000000110734                svcGetSystemTick
 .text.svcConnectToPort
                0x000000000011073c       0x14 C:/devkitPro/libctru/lib\libctru.a(svc.o)
                0x000000000011073c                svcConnectToPort
 .text.svcSendSyncRequest
                0x0000000000110750        0x8 C:/devkitPro/libctru/lib\libctru.a(svc.o)
                0x0000000000110750                svcSendSyncRequest
 .text.svcGetResourceLimit
                0x0000000000110758       0x14 C:/devkitPro/libctru/lib\libctru.a(svc.o)
                0x0000000000110758                svcGetResourceLimit
 .text.svcGetResourceLimitLimitValues
                0x000000000011076c        0x8 C:/devkitPro/libctru/lib\libctru.a(svc.o)
                0x000000000011076c                svcGetResourceLimitLimitValues
 .text.svcGetResourceLimitCurrentValues
                0x0000000000110774        0x8 C:/devkitPro/libctru/lib\libctru.a(svc.o)
                0x0000000000110774                svcGetResourceLimitCurrentValues
 .text.svcBreak
                0x000000000011077c        0x8 C:/devkitPro/libctru/lib\libctru.a(svc.o)
                0x000000000011077c                svcBreak
 .text.initSystem
                0x0000000000110784       0x50 C:/devkitPro/libctru/lib\libctru.a(stack_adjust.o)
                0x0000000000110784                initSystem
 .text.__ctru_exit
                0x00000000001107d4       0x18 C:/devkitPro/libctru/lib\libctru.a(stack_adjust.o)
                0x00000000001107d4                __ctru_exit
 .text.__aeabi_read_tp
                0x00000000001107ec        0xc C:/devkitPro/libctru/lib\libctru.a(readtp.o)
                0x00000000001107ec                __aeabi_read_tp
 .text.__sync_init
                0x00000000001107f8        0xc C:/devkitPro/libctru/lib\libctru.a(synchronization.o)
                0x00000000001107f8                __sync_init
 .text.__sync_fini
                0x0000000000110804       0x18 C:/devkitPro/libctru/lib\libctru.a(synchronization.o)
                0x0000000000110804                __sync_fini
 .text.syncArbitrateAddress
                0x000000000011081c       0x2c C:/devkitPro/libctru/lib\libctru.a(synchronization.o)
                0x000000000011081c                syncArbitrateAddress
 .text.LightLock_Lock
                0x0000000000110848       0xb0 C:/devkitPro/libctru/lib\libctru.a(synchronization.o)
                0x0000000000110848                LightLock_Lock
 .text.LightLock_Unlock
                0x00000000001108f8       0x40 C:/devkitPro/libctru/lib\libctru.a(synchronization.o)
                0x00000000001108f8                LightLock_Unlock
 .text.RecursiveLock_Init
                0x0000000000110938       0x24 C:/devkitPro/libctru/lib\libctru.a(synchronization.o)
                0x0000000000110938                RecursiveLock_Init
 .text.RecursiveLock_Lock
                0x000000000011095c       0x30 C:/devkitPro/libctru/lib\libctru.a(synchronization.o)
                0x000000000011095c                RecursiveLock_Lock
 .text.RecursiveLock_Unlock
                0x000000000011098c       0x54 C:/devkitPro/libctru/lib\libctru.a(synchronization.o)
                0x000000000011098c                RecursiveLock_Unlock
 .text.LightEvent_Init
                0x00000000001109e0       0x40 C:/devkitPro/libctru/lib\libctru.a(synchronization.o)
                0x00000000001109e0                LightEvent_Init
 .text.LightEvent_Clear
                0x0000000000110a20       0xa4 C:/devkitPro/libctru/lib\libctru.a(synchronization.o)
                0x0000000000110a20                LightEvent_Clear
 .text.LightEvent_Signal
                0x0000000000110ac4       0xc8 C:/devkitPro/libctru/lib\libctru.a(synchronization.o)
                0x0000000000110ac4                LightEvent_Signal
 .text.LightEvent_TryWait
                0x0000000000110b8c       0x50 C:/devkitPro/libctru/lib\libctru.a(synchronization.o)
                0x0000000000110b8c                LightEvent_TryWait
 .text.LightEvent_Wait
                0x0000000000110bdc       0xb0 C:/devkitPro/libctru/lib\libctru.a(synchronization.o)
                0x0000000000110bdc                LightEvent_Wait
 .text.envGetHandle
                0x0000000000110c8c       0x84 C:/devkitPro/libctru/lib\libctru.a(env.o)
                0x0000000000110c8c                envGetHandle
 .text.envDestroyHandles
                0x0000000000110d10       0x50 C:/devkitPro/libctru/lib\libctru.a(env.o)
                0x0000000000110d10                envDestroyHandles
 .text.srvInit  0x0000000000110d60      0x130 C:/devkitPro/libctru/lib\libctru.a(srv.o)
                0x0000000000110d60                srvInit
 .text.srvExit  0x0000000000110e90       0x58 C:/devkitPro/libctru/lib\libctru.a(srv.o)
                0x0000000000110e90                srvExit
 .text.srvGetServiceHandleDirect
                0x0000000000110ee8       0xa0 C:/devkitPro/libctru/lib\libctru.a(srv.o)
                0x0000000000110ee8                srvGetServiceHandleDirect
 .text.srvGetServiceHandle
                0x0000000000110f88       0x38 C:/devkitPro/libctru/lib\libctru.a(srv.o)
                0x0000000000110f88                srvGetServiceHandle
 .text.srvPublishToSubscriber
                0x0000000000110fc0       0x38 C:/devkitPro/libctru/lib\libctru.a(srv.o)
                0x0000000000110fc0                srvPublishToSubscriber
 .text.threadCreate
                0x0000000000110ff8      0x178 C:/devkitPro/libctru/lib\libctru.a(thread.o)
                0x0000000000110ff8                threadCreate
 .text.threadFree
                0x0000000000111170       0x2c C:/devkitPro/libctru/lib\libctru.a(thread.o)
                0x0000000000111170                threadFree
 .text.threadJoin
                0x000000000011119c       0x24 C:/devkitPro/libctru/lib\libctru.a(thread.o)
                0x000000000011119c                threadJoin
 .text.threadGetCurrent
                0x00000000001111c0       0x30 C:/devkitPro/libctru/lib\libctru.a(thread.o)
                0x00000000001111c0                threadGetCurrent
 .text.threadExit
                0x00000000001111f0       0x40 C:/devkitPro/libctru/lib\libctru.a(thread.o)
                0x00000000001111f0                threadExit
 .text._thread_begin
                0x0000000000111230       0x20 C:/devkitPro/libctru/lib\libctru.a(thread.o)
 .text.mappableFindAddressWithin
                0x0000000000111250       0xb4 C:/devkitPro/libctru/lib\libctru.a(mappable.o)
 .text.mappableInit
                0x0000000000111304       0x28 C:/devkitPro/libctru/lib\libctru.a(mappable.o)
                0x0000000000111304                mappableInit
 .text.mappableAlloc
                0x000000000011132c       0x80 C:/devkitPro/libctru/lib\libctru.a(mappable.o)
                0x000000000011132c                mappableAlloc
 .text.mappableFree
                0x00000000001113ac        0x4 C:/devkitPro/libctru/lib\libctru.a(mappable.o)
                0x00000000001113ac                mappableFree
 .text.irrstInit
                0x00000000001113b0      0x164 C:/devkitPro/libctru/lib\libctru.a(irrst.o)
                0x00000000001113b0                irrstInit
 .text.irrstExit
                0x0000000000111514       0xcc C:/devkitPro/libctru/lib\libctru.a(irrst.o)
                0x0000000000111514                irrstExit
 .text.irrstScanInput
                0x00000000001115e0       0xb4 C:/devkitPro/libctru/lib\libctru.a(irrst.o)
                0x00000000001115e0                irrstScanInput
 .text.irrstKeysHeld
                0x0000000000111694       0x24 C:/devkitPro/libctru/lib\libctru.a(irrst.o)
                0x0000000000111694                irrstKeysHeld
 .text.srvPmGetSessionHandle
                0x00000000001116b8        0xc C:/devkitPro/libctru/lib\libctru.a(srvpm.o)
                0x00000000001116b8                srvPmGetSessionHandle
 .text.rbtree_node_next
                0x00000000001116c4       0x5c C:/devkitPro/libctru/lib\libctru.a(rbtree_iterator.o)
                0x00000000001116c4                rbtree_node_next
 .text.encode_utf16
                0x0000000000111720       0x54 C:/devkitPro/libctru/lib\libctru.a(encode_utf16.o)
                0x0000000000111720                encode_utf16
 .text.encode_utf8
                0x0000000000111774       0xe0 C:/devkitPro/libctru/lib\libctru.a(encode_utf8.o)
                0x0000000000111774                encode_utf8
 .text.decode_utf8
                0x0000000000111854      0x13c C:/devkitPro/libctru/lib\libctru.a(decode_utf8.o)
                0x0000000000111854                decode_utf8
 .text.__appInit
                0x0000000000111990       0x30 C:/devkitPro/libctru/lib\libctru.a(appInit.o)
                0x0000000000111990                __appInit
 .text.__syscall_getreent
                0x00000000001119c0       0x30 C:/devkitPro/libctru/lib\libctru.a(syscalls.o)
                0x00000000001119c0                __syscall_getreent
 .text.__syscall_gettod_r
                0x00000000001119f0       0x74 C:/devkitPro/libctru/lib\libctru.a(syscalls.o)
                0x00000000001119f0                __syscall_gettod_r
 .text.__syscall_lock_acquire
                0x0000000000111a64        0x4 C:/devkitPro/libctru/lib\libctru.a(syscalls.o)
                0x0000000000111a64                __syscall_lock_acquire
 .text.__syscall_lock_release
                0x0000000000111a68        0x4 C:/devkitPro/libctru/lib\libctru.a(syscalls.o)
                0x0000000000111a68                __syscall_lock_release
 .text.__syscall_lock_init_recursive
                0x0000000000111a6c        0x4 C:/devkitPro/libctru/lib\libctru.a(syscalls.o)
                0x0000000000111a6c                __syscall_lock_init_recursive
 .text.__syscall_lock_acquire_recursive
                0x0000000000111a70        0x4 C:/devkitPro/libctru/lib\libctru.a(syscalls.o)
                0x0000000000111a70                __syscall_lock_acquire_recursive
 .text.__syscall_lock_release_recursive
                0x0000000000111a74        0x4 C:/devkitPro/libctru/lib\libctru.a(syscalls.o)
                0x0000000000111a74                __syscall_lock_release_recursive
 .text.__syscall_exit
                0x0000000000111a78        0x4 C:/devkitPro/libctru/lib\libctru.a(syscalls.o)
                0x0000000000111a78                __syscall_exit
 .text.initThreadVars
                0x0000000000111a7c       0x50 C:/devkitPro/libctru/lib\libctru.a(syscalls.o)
                0x0000000000111a7c                initThreadVars
 .text.__system_initSyscalls
                0x0000000000111acc       0x68 C:/devkitPro/libctru/lib\libctru.a(syscalls.o)
                0x0000000000111acc                __system_initSyscalls
 .text.__appExit
                0x0000000000111b34       0x30 C:/devkitPro/libctru/lib\libctru.a(appExit.o)
                0x0000000000111b34                __appExit
 .text.__libctru_exit
                0x0000000000111b64       0x90 C:/devkitPro/libctru/lib\libctru.a(ctru_exit.o)
                0x0000000000111b64                __libctru_exit
 .text.archive_link
                0x0000000000111bf4       0x14 C:/devkitPro/libctru/lib\libctru.a(archive_dev.o)
 .text.archive_dirreset
                0x0000000000111c08       0x14 C:/devkitPro/libctru/lib\libctru.a(archive_dev.o)
 .text.archive_chmod
                0x0000000000111c1c       0x14 C:/devkitPro/libctru/lib\libctru.a(archive_dev.o)
 .text.error_cmp
                0x0000000000111c30       0x24 C:/devkitPro/libctru/lib\libctru.a(archive_dev.o)
 .text.archive_translate_error
                0x0000000000111c54       0x50 C:/devkitPro/libctru/lib\libctru.a(archive_dev.o)
 .text.archive_seek
                0x0000000000111ca4       0xc8 C:/devkitPro/libctru/lib\libctru.a(archive_dev.o)
 .text._archiveInit.part.0
                0x0000000000111d6c       0x7c C:/devkitPro/libctru/lib\libctru.a(archive_dev.o)
 .text.archiveFindDevice.part.0
                0x0000000000111de8       0xc4 C:/devkitPro/libctru/lib\libctru.a(archive_dev.o)
 .text.archive_utf16path
                0x0000000000111eac      0x25c C:/devkitPro/libctru/lib\libctru.a(archive_dev.o)
 .text._archiveUnmountDeviceStruct.part.0
                0x0000000000112108       0xa0 C:/devkitPro/libctru/lib\libctru.a(archive_dev.o)
 .text.archive_fchmod
                0x00000000001121a8       0x14 C:/devkitPro/libctru/lib\libctru.a(archive_dev.o)
 .text.archive_statvfs
                0x00000000001121bc       0x14 C:/devkitPro/libctru/lib\libctru.a(archive_dev.o)
 .text._archiveMountDevice
                0x00000000001121d0      0x164 C:/devkitPro/libctru/lib\libctru.a(archive_dev.o)
 .text.archive_diropen
                0x0000000000112334       0xe8 C:/devkitPro/libctru/lib\libctru.a(archive_dev.o)
 .text.archive_fstat
                0x000000000011241c       0xa4 C:/devkitPro/libctru/lib\libctru.a(archive_dev.o)
 .text.archive_close
                0x00000000001124c0       0x6c C:/devkitPro/libctru/lib\libctru.a(archive_dev.o)
 .text.archive_fsync
                0x000000000011252c       0x6c C:/devkitPro/libctru/lib\libctru.a(archive_dev.o)
 .text.archive_dirclose
                0x0000000000112598       0x70 C:/devkitPro/libctru/lib\libctru.a(archive_dev.o)
 .text.sdmc_statvfs
                0x0000000000112608       0xe8 C:/devkitPro/libctru/lib\libctru.a(archive_dev.o)
 .text.archive_chdir
                0x00000000001126f0       0xec C:/devkitPro/libctru/lib\libctru.a(archive_dev.o)
 .text.archive_ftruncate
                0x00000000001127dc       0x7c C:/devkitPro/libctru/lib\libctru.a(archive_dev.o)
 .text.archive_read
                0x0000000000112858       0xac C:/devkitPro/libctru/lib\libctru.a(archive_dev.o)
 .text.archive_unlink
                0x0000000000112904       0xa4 C:/devkitPro/libctru/lib\libctru.a(archive_dev.o)
 .text.archive_rmdir
                0x00000000001129a8       0xbc C:/devkitPro/libctru/lib\libctru.a(archive_dev.o)
 .text.archive_mkdir
                0x0000000000112a64       0xdc C:/devkitPro/libctru/lib\libctru.a(archive_dev.o)
 .text.archive_stat
                0x0000000000112b40      0x19c C:/devkitPro/libctru/lib\libctru.a(archive_dev.o)
 .text.archive_dirnext
                0x0000000000112cdc      0x15c C:/devkitPro/libctru/lib\libctru.a(archive_dev.o)
 .text.archive_write
                0x0000000000112e38       0xec C:/devkitPro/libctru/lib\libctru.a(archive_dev.o)
 .text.archive_open
                0x0000000000112f24      0x1d4 C:/devkitPro/libctru/lib\libctru.a(archive_dev.o)
 .text.archive_rename
                0x00000000001130f8      0x278 C:/devkitPro/libctru/lib\libctru.a(archive_dev.o)
 .text.archiveMountSdmc
                0x0000000000113370      0x19c C:/devkitPro/libctru/lib\libctru.a(archive_dev.o)
                0x0000000000113370                archiveMountSdmc
 .text.archiveUnmountAll
                0x000000000011350c       0x54 C:/devkitPro/libctru/lib\libctru.a(archive_dev.o)
                0x000000000011350c                archiveUnmountAll
 .text.cosf     0x0000000000113560      0x22c c:/devkitpro/devkitarm/bin/../lib/gcc/arm-none-eabi/12.2.0/../../../../arm-none-eabi/lib/armv6k/fpu\libm.a(lib_a-cosf.o)
                0x0000000000113560                cosf
 .text.with_errnof
                0x000000000011378c       0x24 c:/devkitpro/devkitarm/bin/../lib/gcc/arm-none-eabi/12.2.0/../../../../arm-none-eabi/lib/armv6k/fpu\libm.a(lib_a-math_errf.o)
 .text.__math_invalidf
                0x00000000001137b0       0x1c c:/devkitpro/devkitarm/bin/../lib/gcc/arm-none-eabi/12.2.0/../../../../arm-none-eabi/lib/armv6k/fpu\libm.a(lib_a-math_errf.o)
                0x00000000001137b0                __math_invalidf
 *fill*         0x00000000001137cc        0x4 
 .text.sinf     0x00000000001137d0      0x24c c:/devkitpro/devkitarm/bin/../lib/gcc/arm-none-eabi/12.2.0/../../../../arm-none-eabi/lib/armv6k/fpu\libm.a(lib_a-sinf.o)
                0x00000000001137d0                sinf
 .text.__udivmoddi4
                0x0000000000113a1c      0x120 c:/devkitpro/devkitarm/bin/../lib/gcc/arm-none-eabi/12.2.0/armv6k/fpu\libgcc.a(_udivmoddi4.o)
                0x0000000000113a1c                __udivmoddi4
 .text.bsearch  0x0000000000113b3c       0x78 c:/devkitpro/devkitarm/bin/../lib/gcc/arm-none-eabi/12.2.0/../../../../arm-none-eabi/lib/armv6k/fpu\libg.a(lib_a-bsearch.o)
                0x0000000000113b3c                bsearch
 .text.calloc   0x0000000000113bb4       0x20 c:/devkitpro/devkitarm/bin/../lib/gcc/arm-none-eabi/12.2.0/../../../../arm-none-eabi/lib/armv6k/fpu\libg.a(lib_a-calloc.o)
                0x0000000000113bb4                calloc
 .text._calloc_r
                0x0000000000113bd4       0xc0 c:/devkitpro/devkitarm/bin/../lib/gcc/arm-none-eabi/12.2.0/../../../../arm-none-eabi/lib/armv6k/fpu\libg.a(lib_a-callocr.o)
                0x0000000000113bd4                _calloc_r
 .text.__errno  0x0000000000113c94        0xc c:/devkitpro/devkitarm/bin/../lib/gcc/arm-none-eabi/12.2.0/../../../../arm-none-eabi/lib/armv6k/fpu\libg.a(lib_a-errno.o)
                0x0000000000113c94                __errno
 .text.exit     0x0000000000113ca0       0x34 c:/devkitpro/devkitarm/bin/../lib/gcc/arm-none-eabi/12.2.0/../../../../arm-none-eabi/lib/armv6k/fpu\libg.a(lib_a-exit.o)
                0x0000000000113ca0                exit
 .text._fclose_r
                0x0000000000113cd4      0x15c c:/devkitpro/devkitarm/bin/../lib/gcc/arm-none-eabi/12.2.0/../../../../arm-none-eabi/lib/armv6k/fpu\libg.a(lib_a-fclose.o)
                0x0000000000113cd4                _fclose_r
 .text.fclose   0x0000000000113e30       0x18 c:/devkitpro/devkitarm/bin/../lib/gcc/arm-none-eabi/12.2.0/../../../../arm-none-eabi/lib/armv6k/fpu\libg.a(lib_a-fclose.o)
                0x0000000000113e30                fclose
 .text.__sflush_r
                0x0000000000113e48      0x234 c:/devkitpro/devkitarm/bin/../lib/gcc/arm-none-eabi/12.2.0/../../../../arm-none-eabi/lib/armv6k/fpu\libg.a(lib_a-fflush.o)
                0x0000000000113e48                __sflush_r
 .text._fflush_r
                0x000000000011407c       0x94 c:/devkitpro/devkitarm/bin/../lib/gcc/arm-none-eabi/12.2.0/../../../../arm-none-eabi/lib/armv6k/fpu\libg.a(lib_a-fflush.o)
                0x000000000011407c                _fflush_r
 .text.fflush   0x0000000000114110       0x38 c:/devkitpro/devkitarm/bin/../lib/gcc/arm-none-eabi/12.2.0/../../../../arm-none-eabi/lib/armv6k/fpu\libg.a(lib_a-fflush.o)
                0x0000000000114110                fflush
 .text._cleanup_r
                0x0000000000114148        0xc c:/devkitpro/devkitarm/bin/../lib/gcc/arm-none-eabi/12.2.0/../../../../arm-none-eabi/lib/armv6k/fpu\libg.a(lib_a-findfp.o)
                0x0000000000114148                _cleanup_r
 .text.__sinit  0x0000000000114154      0x184 c:/devkitpro/devkitarm/bin/../lib/gcc/arm-none-eabi/12.2.0/../../../../arm-none-eabi/lib/armv6k/fpu\libg.a(lib_a-findfp.o)
                0x0000000000114154                __sinit
 .text.__sfp    0x00000000001142d8      0x134 c:/devkitpro/devkitarm/bin/../lib/gcc/arm-none-eabi/12.2.0/../../../../arm-none-eabi/lib/armv6k/fpu\libg.a(lib_a-findfp.o)
                0x00000000001142d8                __sfp
 .text.__sfp_lock_acquire
                0x000000000011440c        0xc c:/devkitpro/devkitarm/bin/../lib/gcc/arm-none-eabi/12.2.0/../../../../arm-none-eabi/lib/armv6k/fpu\libg.a(lib_a-findfp.o)
                0x000000000011440c                __sfp_lock_acquire
 .text.__sfp_lock_release
                0x0000000000114418        0xc c:/devkitpro/devkitarm/bin/../lib/gcc/arm-none-eabi/12.2.0/../../../../arm-none-eabi/lib/armv6k/fpu\libg.a(lib_a-findfp.o)
                0x0000000000114418                __sfp_lock_release
 .text.__libc_fini_array
                0x0000000000114424       0x3c c:/devkitpro/devkitarm/bin/../lib/gcc/arm-none-eabi/12.2.0/../../../../arm-none-eabi/lib/armv6k/fpu\libg.a(lib_a-fini.o)
                0x0000000000114424                __libc_fini_array
 .text._fopen_r
                0x0000000000114460      0x134 c:/devkitpro/devkitarm/bin/../lib/gcc/arm-none-eabi/12.2.0/../../../../arm-none-eabi/lib/armv6k/fpu\libg.a(lib_a-fopen.o)
                0x0000000000114460                _fopen_r
 .text.fopen    0x0000000000114594       0x20 c:/devkitpro/devkitarm/bin/../lib/gcc/arm-none-eabi/12.2.0/../../../../arm-none-eabi/lib/armv6k/fpu\libg.a(lib_a-fopen.o)
                0x0000000000114594                fopen
 .text._fread_r
                0x00000000001145b4      0x2d0 c:/devkitpro/devkitarm/bin/../lib/gcc/arm-none-eabi/12.2.0/../../../../arm-none-eabi/lib/armv6k/fpu\libg.a(lib_a-fread.o)
                0x00000000001145b4                _fread_r
 .text.fread    0x0000000000114884       0x38 c:/devkitpro/devkitarm/bin/../lib/gcc/arm-none-eabi/12.2.0/../../../../arm-none-eabi/lib/armv6k/fpu\libg.a(lib_a-fread.o)
                0x0000000000114884                fread
 .text._malloc_trim_r
                0x00000000001148bc       0xf8 c:/devkitpro/devkitarm/bin/../lib/gcc/arm-none-eabi/12.2.0/../../../../arm-none-eabi/lib/armv6k/fpu\libg.a(lib_a-freer.o)
                0x00000000001148bc                _malloc_trim_r
 .text._free_r  0x00000000001149b4      0x2e8 c:/devkitpro/devkitarm/bin/../lib/gcc/arm-none-eabi/12.2.0/../../../../arm-none-eabi/lib/armv6k/fpu\libg.a(lib_a-freer.o)
                0x00000000001149b4                _free_r
 .text._fseek_r
                0x0000000000114c9c       0x1c c:/devkitpro/devkitarm/bin/../lib/gcc/arm-none-eabi/12.2.0/../../../../arm-none-eabi/lib/armv6k/fpu\libg.a(lib_a-fseek.o)
                0x0000000000114c9c                _fseek_r
 .text._fseeko_r
                0x0000000000114cb8      0x590 c:/devkitpro/devkitarm/bin/../lib/gcc/arm-none-eabi/12.2.0/../../../../arm-none-eabi/lib/armv6k/fpu\libg.a(lib_a-fseeko.o)
                0x0000000000114cb8                _fseeko_r
 .text._fwalk   0x0000000000115248       0x68 c:/devkitpro/devkitarm/bin/../lib/gcc/arm-none-eabi/12.2.0/../../../../arm-none-eabi/lib/armv6k/fpu\libg.a(lib_a-fwalk.o)
                0x0000000000115248                _fwalk
 .text._fwalk_reent
                0x00000000001152b0       0x70 c:/devkitpro/devkitarm/bin/../lib/gcc/arm-none-eabi/12.2.0/../../../../arm-none-eabi/lib/armv6k/fpu\libg.a(lib_a-fwalk.o)
                0x00000000001152b0                _fwalk_reent
 .text.__libc_init_array
                0x0000000000115320       0x84 c:/devkitpro/devkitarm/bin/../lib/gcc/arm-none-eabi/12.2.0/../../../../arm-none-eabi/lib/armv6k/fpu\libg.a(lib_a-init.o)
                0x0000000000115320                __libc_init_array
 .text.__smakebuf_r
                0x00000000001153a4      0x138 c:/devkitpro/devkitarm/bin/../lib/gcc/arm-none-eabi/12.2.0/../../../../arm-none-eabi/lib/armv6k/fpu\libg.a(lib_a-makebuf.o)
                0x00000000001153a4                __smakebuf_r
 .text.__swhatbuf_r
                0x00000000001154dc       0x8c c:/devkitpro/devkitarm/bin/../lib/gcc/arm-none-eabi/12.2.0/../../../../arm-none-eabi/lib/armv6k/fpu\libg.a(lib_a-makebuf.o)
                0x00000000001154dc                __swhatbuf_r
 .text.memalign
                0x0000000000115568       0x20 c:/devkitpro/devkitarm/bin/../lib/gcc/arm-none-eabi/12.2.0/../../../../arm-none-eabi/lib/armv6k/fpu\libg.a(lib_a-malign.o)
                0x0000000000115568                memalign
 .text._memalign_r
                0x0000000000115588      0x14c c:/devkitpro/devkitarm/bin/../lib/gcc/arm-none-eabi/12.2.0/../../../../arm-none-eabi/lib/armv6k/fpu\libg.a(lib_a-malignr.o)
                0x0000000000115588                _memalign_r
 .text.malloc   0x00000000001156d4       0x18 c:/devkitpro/devkitarm/bin/../lib/gcc/arm-none-eabi/12.2.0/../../../../arm-none-eabi/lib/armv6k/fpu\libg.a(lib_a-malloc.o)
                0x00000000001156d4                malloc
 .text.free     0x00000000001156ec       0x18 c:/devkitpro/devkitarm/bin/../lib/gcc/arm-none-eabi/12.2.0/../../../../arm-none-eabi/lib/armv6k/fpu\libg.a(lib_a-malloc.o)
                0x00000000001156ec                free
 .text._malloc_r
                0x0000000000115704      0x7e4 c:/devkitpro/devkitarm/bin/../lib/gcc/arm-none-eabi/12.2.0/../../../../arm-none-eabi/lib/armv6k/fpu\libg.a(lib_a-mallocr.o)
                0x0000000000115704                _malloc_r
 .text.memchr   0x0000000000115ee8       0xe4 c:/devkitpro/devkitarm/bin/../lib/gcc/arm-none-eabi/12.2.0/../../../../arm-none-eabi/lib/armv6k/fpu\libg.a(lib_a-memchr-stub.o)
                0x0000000000115ee8                memchr
 .text.memcmp   0x0000000000115fcc       0xb0 c:/devkitpro/devkitarm/bin/../lib/gcc/arm-none-eabi/12.2.0/../../../../arm-none-eabi/lib/armv6k/fpu\libg.a(lib_a-memcmp.o)
                0x0000000000115fcc                memcmp
 .text.memcpy   0x000000000011607c      0x118 c:/devkitpro/devkitarm/bin/../lib/gcc/arm-none-eabi/12.2.0/../../../../arm-none-eabi/lib/armv6k/fpu\libg.a(lib_a-memcpy-stub.o)
                0x000000000011607c                memcpy
 .text.memset   0x0000000000116194       0xf4 c:/devkitpro/devkitarm/bin/../lib/gcc/arm-none-eabi/12.2.0/../../../../arm-none-eabi/lib/armv6k/fpu\libg.a(lib_a-memset.o)
                0x0000000000116194                memset
 .text.__malloc_lock
                0x0000000000116288        0xc c:/devkitpro/devkitarm/bin/../lib/gcc/arm-none-eabi/12.2.0/../../../../arm-none-eabi/lib/armv6k/fpu\libg.a(lib_a-mlock.o)
                0x0000000000116288                __malloc_lock
 .text.__malloc_unlock
                0x0000000000116294        0xc c:/devkitpro/devkitarm/bin/../lib/gcc/arm-none-eabi/12.2.0/../../../../arm-none-eabi/lib/armv6k/fpu\libg.a(lib_a-mlock.o)
                0x0000000000116294                __malloc_unlock
 .text.printf   0x00000000001162a0       0x34 c:/devkitpro/devkitarm/bin/../lib/gcc/arm-none-eabi/12.2.0/../../../../arm-none-eabi/lib/armv6k/fpu\libg.a(lib_a-printf.o)
                0x00000000001162a0                printf
 .text.lflush   0x00000000001162d4       0x1c c:/devkitpro/devkitarm/bin/../lib/gcc/arm-none-eabi/12.2.0/../../../../arm-none-eabi/lib/armv6k/fpu\libg.a(lib_a-refill.o)
 .text.__srefill_r
                0x00000000001162f0      0x198 c:/devkitpro/devkitarm/bin/../lib/gcc/arm-none-eabi/12.2.0/../../../../arm-none-eabi/lib/armv6k/fpu\libg.a(lib_a-refill.o)
                0x00000000001162f0                __srefill_r
 .text.setvbuf  0x0000000000116488      0x25c c:/devkitpro/devkitarm/bin/../lib/gcc/arm-none-eabi/12.2.0/../../../../arm-none-eabi/lib/armv6k/fpu\libg.a(lib_a-setvbuf.o)
                0x0000000000116488                setvbuf
 .text.sscanf   0x00000000001166e4       0x74 c:/devkitpro/devkitarm/bin/../lib/gcc/arm-none-eabi/12.2.0/../../../../arm-none-eabi/lib/armv6k/fpu\libg.a(lib_a-sscanf.o)
                0x00000000001166e4                sscanf
 .text.__sread  0x0000000000116758       0x44 c:/devkitpro/devkitarm/bin/../lib/gcc/arm-none-eabi/12.2.0/../../../../arm-none-eabi/lib/armv6k/fpu\libg.a(lib_a-stdio.o)
                0x0000000000116758                __sread
 .text.__seofread
                0x000000000011679c        0x8 c:/devkitpro/devkitarm/bin/../lib/gcc/arm-none-eabi/12.2.0/../../../../arm-none-eabi/lib/armv6k/fpu\libg.a(lib_a-stdio.o)
                0x000000000011679c                __seofread
 .text.__swrite
                0x00000000001167a4       0x68 c:/devkitpro/devkitarm/bin/../lib/gcc/arm-none-eabi/12.2.0/../../../../arm-none-eabi/lib/armv6k/fpu\libg.a(lib_a-stdio.o)
                0x00000000001167a4                __swrite
 .text.__sseek  0x000000000011680c       0x44 c:/devkitpro/devkitarm/bin/../lib/gcc/arm-none-eabi/12.2.0/../../../../arm-none-eabi/lib/armv6k/fpu\libg.a(lib_a-stdio.o)
                0x000000000011680c                __sseek
 .text.__sclose
                0x0000000000116850        0x8 c:/devkitpro/devkitarm/bin/../lib/gcc/arm-none-eabi/12.2.0/../../../../arm-none-eabi/lib/armv6k/fpu\libg.a(lib_a-stdio.o)
                0x0000000000116850                __sclose
 .text.strchr   0x0000000000116858      0x130 c:/devkitpro/devkitarm/bin/../lib/gcc/arm-none-eabi/12.2.0/../../../../arm-none-eabi/lib/armv6k/fpu\libg.a(lib_a-strchr.o)
                0x0000000000116858                strchr
 .text.strlen   0x0000000000116988       0x5c c:/devkitpro/devkitarm/bin/../lib/gcc/arm-none-eabi/12.2.0/../../../../arm-none-eabi/lib/armv6k/fpu\libg.a(lib_a-strlen-stub.o)
                0x0000000000116988                strlen
 .text.strncat  0x00000000001169e4       0xe4 c:/devkitpro/devkitarm/bin/../lib/gcc/arm-none-eabi/12.2.0/../../../../arm-none-eabi/lib/armv6k/fpu\libg.a(lib_a-strncat.o)
                0x00000000001169e4                strncat
 .text.strncmp  0x0000000000116ac8       0xe4 c:/devkitpro/devkitarm/bin/../lib/gcc/arm-none-eabi/12.2.0/../../../../arm-none-eabi/lib/armv6k/fpu\libg.a(lib_a-strncmp.o)
                0x0000000000116ac8                strncmp
 .text.strncpy  0x0000000000116bac       0xc4 c:/devkitpro/devkitarm/bin/../lib/gcc/arm-none-eabi/12.2.0/../../../../arm-none-eabi/lib/armv6k/fpu\libg.a(lib_a-strncpy.o)
                0x0000000000116bac                strncpy
 .text.strnlen  0x0000000000116c70       0x48 c:/devkitpro/devkitarm/bin/../lib/gcc/arm-none-eabi/12.2.0/../../../../arm-none-eabi/lib/armv6k/fpu\libg.a(lib_a-strnlen.o)
                0x0000000000116c70                strnlen
 .text._strtoul_l.constprop.0
                0x0000000000116cb8      0x1c4 c:/devkitpro/devkitarm/bin/../lib/gcc/arm-none-eabi/12.2.0/../../../../arm-none-eabi/lib/armv6k/fpu\libg.a(lib_a-strtoul.o)
 .text._strtoul_r
                0x0000000000116e7c        0x4 c:/devkitpro/devkitarm/bin/../lib/gcc/arm-none-eabi/12.2.0/../../../../arm-none-eabi/lib/armv6k/fpu\libg.a(lib_a-strtoul.o)
                0x0000000000116e7c                _strtoul_r
 .text.strtoul  0x0000000000116e80       0x28 c:/devkitpro/devkitarm/bin/../lib/gcc/arm-none-eabi/12.2.0/../../../../arm-none-eabi/lib/armv6k/fpu\libg.a(lib_a-strtoul.o)
                0x0000000000116e80                strtoul
 .text.get_arg  0x0000000000116ea8       0x50 c:/devkitpro/devkitarm/bin/../lib/gcc/arm-none-eabi/12.2.0/../../../../arm-none-eabi/lib/armv6k/fpu\libg.a(lib_a-svfscanf.o)
 .text.__ssvfscanf_r
                0x0000000000116ef8     0x2c38 c:/devkitpro/devkitarm/bin/../lib/gcc/arm-none-eabi/12.2.0/../../../../arm-none-eabi/lib/armv6k/fpu\libg.a(lib_a-svfscanf.o)
                0x0000000000116ef8                __ssvfscanf_r
 .text.time     0x0000000000119b30       0x3c c:/devkitpro/devkitarm/bin/../lib/gcc/arm-none-eabi/12.2.0/../../../../arm-none-eabi/lib/armv6k/fpu\libg.a(lib_a-time.o)
                0x0000000000119b30                time
 .text.get_arg  0x0000000000119b6c      0x66c c:/devkitpro/devkitarm/bin/../lib/gcc/arm-none-eabi/12.2.0/../../../../arm-none-eabi/lib/armv6k/fpu\libg.a(lib_a-vfprintf.o)
 .text._vfprintf_r
                0x000000000011a1d8     0x339c c:/devkitpro/devkitarm/bin/../lib/gcc/arm-none-eabi/12.2.0/../../../../arm-none-eabi/lib/armv6k/fpu\libg.a(lib_a-vfprintf.o)
                0x000000000011a1d8                _vfprintf_r
 .text.__sbprintf
                0x000000000011d574       0xd0 c:/devkitpro/devkitarm/bin/../lib/gcc/arm-none-eabi/12.2.0/../../../../arm-none-eabi/lib/armv6k/fpu\libg.a(lib_a-vfprintf.o)
 .text._wcrtomb_r
                0x000000000011d644       0x54 c:/devkitpro/devkitarm/bin/../lib/gcc/arm-none-eabi/12.2.0/../../../../arm-none-eabi/lib/armv6k/fpu\libg.a(lib_a-wcrtomb.o)
                0x000000000011d644                _wcrtomb_r
 .text._wcsrtombs_r
                0x000000000011d698       0x28 c:/devkitpro/devkitarm/bin/../lib/gcc/arm-none-eabi/12.2.0/../../../../arm-none-eabi/lib/armv6k/fpu\libg.a(lib_a-wcsrtombs.o)
                0x000000000011d698                _wcsrtombs_r
 .text.__swsetup_r
                0x000000000011d6c0      0x13c c:/devkitpro/devkitarm/bin/../lib/gcc/arm-none-eabi/12.2.0/../../../../arm-none-eabi/lib/armv6k/fpu\libg.a(lib_a-wsetup.o)
                0x000000000011d6c0                __swsetup_r
 .text.__call_exitprocs
                0x000000000011d7fc      0x114 c:/devkitpro/devkitarm/bin/../lib/gcc/arm-none-eabi/12.2.0/../../../../arm-none-eabi/lib/armv6k/fpu\libg.a(lib_a-__call_atexit.o)
                0x000000000011d7fc                __call_exitprocs
 .text.quorem   0x000000000011d910      0x1b0 c:/devkitpro/devkitarm/bin/../lib/gcc/arm-none-eabi/12.2.0/../../../../arm-none-eabi/lib/armv6k/fpu\libg.a(lib_a-dtoa.o)
 .text._dtoa_r  0x000000000011dac0     0x11f8 c:/devkitpro/devkitarm/bin/../lib/gcc/arm-none-eabi/12.2.0/../../../../arm-none-eabi/lib/armv6k/fpu\libg.a(lib_a-dtoa.o)
                0x000000000011dac0                _dtoa_r
 .text.__sflags
                0x000000000011ecb8       0xc8 c:/devkitpro/devkitarm/bin/../lib/gcc/arm-none-eabi/12.2.0/../../../../arm-none-eabi/lib/armv6k/fpu\libg.a(lib_a-flags.o)
                0x000000000011ecb8                __sflags
 .text.iswspace
                0x000000000011ed80        0x8 c:/devkitpro/devkitarm/bin/../lib/gcc/arm-none-eabi/12.2.0/../../../../arm-none-eabi/lib/armv6k/fpu\libg.a(lib_a-iswspace.o)
                0x000000000011ed80                iswspace
 .text._localeconv_r
                0x000000000011ed88        0xc c:/devkitpro/devkitarm/bin/../lib/gcc/arm-none-eabi/12.2.0/../../../../arm-none-eabi/lib/armv6k/fpu\libg.a(lib_a-localeconv.o)
                0x000000000011ed88                _localeconv_r
 .text.__locale_mb_cur_max
                0x000000000011ed94       0x10 c:/devkitpro/devkitarm/bin/../lib/gcc/arm-none-eabi/12.2.0/../../../../arm-none-eabi/lib/armv6k/fpu\libg.a(lib_a-locale.o)
                0x000000000011ed94                __locale_mb_cur_max
 .text._mbrtowc_r
                0x000000000011eda4       0x68 c:/devkitpro/devkitarm/bin/../lib/gcc/arm-none-eabi/12.2.0/../../../../arm-none-eabi/lib/armv6k/fpu\libg.a(lib_a-mbrtowc.o)
                0x000000000011eda4                _mbrtowc_r
 .text.__utf8_mbtowc
                0x000000000011ee0c      0x2f8 c:/devkitpro/devkitarm/bin/../lib/gcc/arm-none-eabi/12.2.0/../../../../arm-none-eabi/lib/armv6k/fpu\libg.a(lib_a-mbtowc_r.o)
                0x000000000011ee0c                __utf8_mbtowc
 .text._Balloc  0x000000000011f104       0x88 c:/devkitpro/devkitarm/bin/../lib/gcc/arm-none-eabi/12.2.0/../../../../arm-none-eabi/lib/armv6k/fpu\libg.a(lib_a-mprec.o)
                0x000000000011f104                _Balloc
 .text._Bfree   0x000000000011f18c       0x1c c:/devkitpro/devkitarm/bin/../lib/gcc/arm-none-eabi/12.2.0/../../../../arm-none-eabi/lib/armv6k/fpu\libg.a(lib_a-mprec.o)
                0x000000000011f18c                _Bfree
 .text.__multadd
                0x000000000011f1a8       0xf4 c:/devkitpro/devkitarm/bin/../lib/gcc/arm-none-eabi/12.2.0/../../../../arm-none-eabi/lib/armv6k/fpu\libg.a(lib_a-mprec.o)
                0x000000000011f1a8                __multadd
 .text.__s2b    0x000000000011f29c      0x110 c:/devkitpro/devkitarm/bin/../lib/gcc/arm-none-eabi/12.2.0/../../../../arm-none-eabi/lib/armv6k/fpu\libg.a(lib_a-mprec.o)
                0x000000000011f29c                __s2b
 .text.__hi0bits
                0x000000000011f3ac       0x60 c:/devkitpro/devkitarm/bin/../lib/gcc/arm-none-eabi/12.2.0/../../../../arm-none-eabi/lib/armv6k/fpu\libg.a(lib_a-mprec.o)
                0x000000000011f3ac                __hi0bits
 .text.__lo0bits
                0x000000000011f40c       0x9c c:/devkitpro/devkitarm/bin/../lib/gcc/arm-none-eabi/12.2.0/../../../../arm-none-eabi/lib/armv6k/fpu\libg.a(lib_a-mprec.o)
                0x000000000011f40c                __lo0bits
 .text.__i2b    0x000000000011f4a8       0xa8 c:/devkitpro/devkitarm/bin/../lib/gcc/arm-none-eabi/12.2.0/../../../../arm-none-eabi/lib/armv6k/fpu\libg.a(lib_a-mprec.o)
                0x000000000011f4a8                __i2b
 .text.__multiply
                0x000000000011f550      0x204 c:/devkitpro/devkitarm/bin/../lib/gcc/arm-none-eabi/12.2.0/../../../../arm-none-eabi/lib/armv6k/fpu\libg.a(lib_a-mprec.o)
                0x000000000011f550                __multiply
 .text.__pow5mult
                0x000000000011f754      0x124 c:/devkitpro/devkitarm/bin/../lib/gcc/arm-none-eabi/12.2.0/../../../../arm-none-eabi/lib/armv6k/fpu\libg.a(lib_a-mprec.o)
                0x000000000011f754                __pow5mult
 .text.__lshift
                0x000000000011f878      0x140 c:/devkitpro/devkitarm/bin/../lib/gcc/arm-none-eabi/12.2.0/../../../../arm-none-eabi/lib/armv6k/fpu\libg.a(lib_a-mprec.o)
                0x000000000011f878                __lshift
 .text.__mcmp   0x000000000011f9b8       0x58 c:/devkitpro/devkitarm/bin/../lib/gcc/arm-none-eabi/12.2.0/../../../../arm-none-eabi/lib/armv6k/fpu\libg.a(lib_a-mprec.o)
                0x000000000011f9b8                __mcmp
 .text.__mdiff  0x000000000011fa10      0x1ec c:/devkitpro/devkitarm/bin/../lib/gcc/arm-none-eabi/12.2.0/../../../../arm-none-eabi/lib/armv6k/fpu\libg.a(lib_a-mprec.o)
                0x000000000011fa10                __mdiff
 .text.__ulp    0x000000000011fbfc       0x68 c:/devkitpro/devkitarm/bin/../lib/gcc/arm-none-eabi/12.2.0/../../../../arm-none-eabi/lib/armv6k/fpu\libg.a(lib_a-mprec.o)
                0x000000000011fbfc                __ulp
 .text.__b2d    0x000000000011fc64       0xd0 c:/devkitpro/devkitarm/bin/../lib/gcc/arm-none-eabi/12.2.0/../../../../arm-none-eabi/lib/armv6k/fpu\libg.a(lib_a-mprec.o)
                0x000000000011fc64                __b2d
 .text.__d2b    0x000000000011fd34      0x120 c:/devkitpro/devkitarm/bin/../lib/gcc/arm-none-eabi/12.2.0/../../../../arm-none-eabi/lib/armv6k/fpu\libg.a(lib_a-mprec.o)
                0x000000000011fd34                __d2b
 .text.__ratio  0x000000000011fe54       0x78 c:/devkitpro/devkitarm/bin/../lib/gcc/arm-none-eabi/12.2.0/../../../../arm-none-eabi/lib/armv6k/fpu\libg.a(lib_a-mprec.o)
                0x000000000011fe54                __ratio
 .text.__copybits
                0x000000000011fecc       0x88 c:/devkitpro/devkitarm/bin/../lib/gcc/arm-none-eabi/12.2.0/../../../../arm-none-eabi/lib/armv6k/fpu\libg.a(lib_a-mprec.o)
                0x000000000011fecc                __copybits
 .text.__any_on
                0x000000000011ff54       0x5c c:/devkitpro/devkitarm/bin/../lib/gcc/arm-none-eabi/12.2.0/../../../../arm-none-eabi/lib/armv6k/fpu\libg.a(lib_a-mprec.o)
                0x000000000011ff54                __any_on
 .text.realloc  0x000000000011ffb0       0x20 c:/devkitpro/devkitarm/bin/../lib/gcc/arm-none-eabi/12.2.0/../../../../arm-none-eabi/lib/armv6k/fpu\libg.a(lib_a-realloc.o)
                0x000000000011ffb0                realloc
 .text._realloc_r
                0x000000000011ffd0      0x4a0 c:/devkitpro/devkitarm/bin/../lib/gcc/arm-none-eabi/12.2.0/../../../../arm-none-eabi/lib/armv6k/fpu\libg.a(lib_a-reallocr.o)
                0x000000000011ffd0                _realloc_r
 .text.__sccl   0x0000000000120470       0xf4 c:/devkitpro/devkitarm/bin/../lib/gcc/arm-none-eabi/12.2.0/../../../../arm-none-eabi/lib/armv6k/fpu\libg.a(lib_a-sccl.o)
                0x0000000000120470                __sccl